Component: ARM Compiler 5.05 update 1 (build 106) Tool: armlink [4d0efa]

==============================================================================

Section Cross References

    main.o(i.main) refers to init.o(i.System_Init) for System_Init
    main.o(i.main) refers to rfid.o(i.read_books) for read_books
    main.o(i.main) refers to delay.o(i.delay_ms) for delay_ms
    main.o(i.main) refers to line_set.o(i.line_set) for line_set
    main.o(i.main) refers to stm32f4xx_tim.o(i.TIM_SetCompare1) for TIM_SetCompare1
    main.o(i.main) refers to stm32f4xx_tim.o(i.TIM_SetCompare2) for TIM_SetCompare2
    main.o(i.main) refers to dc_drive_wheels.o(i.F_Straight) for F_Straight
    main.o(i.main) refers to move.o(i.move_1) for move_1
    main.o(i.main) refers to move.o(i.move_2) for move_2
    main.o(i.main) refers to move.o(i.move_3) for move_3
    main.o(i.main) refers to stm32f4xx_gpio.o(i.GPIO_ResetBits) for GPIO_ResetBits
    main.o(i.main) refers to stm32f4xx_gpio.o(i.GPIO_SetBits) for GPIO_SetBits
    system_stm32f4xx.o(i.SystemCoreClockUpdate) refers to system_stm32f4xx.o(.data) for SystemCoreClock
    system_stm32f4xx.o(i.SystemInit) refers to system_stm32f4xx.o(i.SetSysClock) for SetSysClock
    startup_stm32f40_41xxx.o(STACK) refers (Special) to heapauxi.o(.text) for __use_two_region_memory
    startup_stm32f40_41xxx.o(HEAP) refers (Special) to heapauxi.o(.text) for __use_two_region_memory
    startup_stm32f40_41xxx.o(RESET) refers (Special) to heapauxi.o(.text) for __use_two_region_memory
    startup_stm32f40_41xxx.o(RESET) refers to startup_stm32f40_41xxx.o(STACK) for __initial_sp
    startup_stm32f40_41xxx.o(RESET) refers to startup_stm32f40_41xxx.o(.text) for Reset_Handler
    startup_stm32f40_41xxx.o(RESET) refers to stm32f4xx_it.o(i.NMI_Handler) for NMI_Handler
    startup_stm32f40_41xxx.o(RESET) refers to stm32f4xx_it.o(i.HardFault_Handler) for HardFault_Handler
    startup_stm32f40_41xxx.o(RESET) refers to stm32f4xx_it.o(i.MemManage_Handler) for MemManage_Handler
    startup_stm32f40_41xxx.o(RESET) refers to stm32f4xx_it.o(i.BusFault_Handler) for BusFault_Handler
    startup_stm32f40_41xxx.o(RESET) refers to stm32f4xx_it.o(i.UsageFault_Handler) for UsageFault_Handler
    startup_stm32f40_41xxx.o(RESET) refers to stm32f4xx_it.o(i.SVC_Handler) for SVC_Handler
    startup_stm32f40_41xxx.o(RESET) refers to stm32f4xx_it.o(i.DebugMon_Handler) for DebugMon_Handler
    startup_stm32f40_41xxx.o(RESET) refers to stm32f4xx_it.o(i.PendSV_Handler) for PendSV_Handler
    startup_stm32f40_41xxx.o(RESET) refers to stm32f4xx_it.o(i.SysTick_Handler) for SysTick_Handler
    startup_stm32f40_41xxx.o(RESET) refers to ultrasonic_distance.o(i.TIM1_BRK_TIM9_IRQHandler) for TIM1_BRK_TIM9_IRQHandler
    startup_stm32f40_41xxx.o(RESET) refers to step_motor.o(i.TIM1_UP_TIM10_IRQHandler) for TIM1_UP_TIM10_IRQHandler
    startup_stm32f40_41xxx.o(RESET) refers to ultrasonic_distance.o(i.TIM3_IRQHandler) for TIM3_IRQHandler
    startup_stm32f40_41xxx.o(RESET) refers to usart.o(i.USART1_IRQHandler) for USART1_IRQHandler
    startup_stm32f40_41xxx.o(RESET) refers to iwdg.o(i.TIM8_UP_TIM13_IRQHandler) for TIM8_UP_TIM13_IRQHandler
    startup_stm32f40_41xxx.o(RESET) refers to rfid.o(i.UART4_IRQHandler) for UART4_IRQHandler
    startup_stm32f40_41xxx.o(RESET) refers to rfid.o(i.UART5_IRQHandler) for UART5_IRQHandler
    startup_stm32f40_41xxx.o(.text) refers (Special) to heapauxi.o(.text) for __use_two_region_memory
    startup_stm32f40_41xxx.o(.text) refers to system_stm32f4xx.o(i.SystemInit) for SystemInit
    startup_stm32f40_41xxx.o(.text) refers to __main.o(!!!main) for __main
    startup_stm32f40_41xxx.o(.text) refers to startup_stm32f40_41xxx.o(HEAP) for Heap_Mem
    startup_stm32f40_41xxx.o(.text) refers to startup_stm32f40_41xxx.o(STACK) for Stack_Mem
    stm32f4xx_gpio.o(i.GPIO_DeInit) refers to stm32f4xx_rcc.o(i.RCC_AHB1PeriphResetCmd) for RCC_AHB1PeriphResetCmd
    stm32f4xx_rcc.o(i.RCC_GetClocksFreq) refers to stm32f4xx_rcc.o(.data) for APBAHBPrescTable
    stm32f4xx_rcc.o(i.RCC_WaitForHSEStartUp) refers to stm32f4xx_rcc.o(i.RCC_GetFlagStatus) for RCC_GetFlagStatus
    stm32f4xx_syscfg.o(i.SYSCFG_DeInit) refers to stm32f4xx_rcc.o(i.RCC_APB2PeriphResetCmd) for RCC_APB2PeriphResetCmd
    stm32f4xx_tim.o(i.TIM_DeInit) refers to stm32f4xx_rcc.o(i.RCC_APB2PeriphResetCmd) for RCC_APB2PeriphResetCmd
    stm32f4xx_tim.o(i.TIM_DeInit) refers to stm32f4xx_rcc.o(i.RCC_APB1PeriphResetCmd) for RCC_APB1PeriphResetCmd
    stm32f4xx_tim.o(i.TIM_ETRClockMode1Config) refers to stm32f4xx_tim.o(i.TIM_ETRConfig) for TIM_ETRConfig
    stm32f4xx_tim.o(i.TIM_ETRClockMode2Config) refers to stm32f4xx_tim.o(i.TIM_ETRConfig) for TIM_ETRConfig
    stm32f4xx_tim.o(i.TIM_ICInit) refers to stm32f4xx_tim.o(i.TI1_Config) for TI1_Config
    stm32f4xx_tim.o(i.TIM_ICInit) refers to stm32f4xx_tim.o(i.TIM_SetIC1Prescaler) for TIM_SetIC1Prescaler
    stm32f4xx_tim.o(i.TIM_ICInit) refers to stm32f4xx_tim.o(i.TI2_Config) for TI2_Config
[...]
    ..\HARDWARE\iwdg.c                       0x00000000   Number         0  iwdg.o ABSOLUTE
    ..\HARDWARE\led.c                        0x00000000   Number         0  led.o ABSOLUTE
    ..\HARDWARE\line_set.c                   0x00000000   Number         0  line_set.o ABSOLUTE
    ..\HARDWARE\move.c                       0x00000000   Number         0  move.o ABSOLUTE
    ..\HARDWARE\pwm.c                        0x00000000   Number         0  pwm.o ABSOLUTE
    ..\HARDWARE\rfid.c                       0x00000000   Number         0  rfid.o ABSOLUTE
    ..\HARDWARE\up_shelf.c                   0x00000000   Number         0  up_shelf.o ABSOLUTE
    ..\SYSTEM\delay\delay.c                  0x00000000   Number         0  delay.o ABSOLUTE
    ..\SYSTEM\sys\sys.c                      0x00000000   Number         0  sys.o ABSOLUTE
    ..\SYSTEM\usart\usart.c                  0x00000000   Number         0  usart.o ABSOLUTE
    ..\\FWLTB\\src\\misc.c                   0x00000000   Number         0  misc.o ABSOLUTE
    ..\\FWLTB\\src\\stm32f4xx_adc.c          0x00000000   Number         0  stm32f4xx_adc.o ABSOLUTE
    ..\\FWLTB\\src\\stm32f4xx_dbgmcu.c       0x00000000   Number         0  stm32f4xx_dbgmcu.o ABSOLUTE
    ..\\FWLTB\\src\\stm32f4xx_gpio.c         0x00000000   Number         0  stm32f4xx_gpio.o ABSOLUTE
    ..\\FWLTB\\src\\stm32f4xx_iwdg.c         0x00000000   Number         0  stm32f4xx_iwdg.o ABSOLUTE
    ..\\FWLTB\\src\\stm32f4xx_rcc.c          0x00000000   Number         0  stm32f4xx_rcc.o ABSOLUTE
    ..\\FWLTB\\src\\stm32f4xx_syscfg.c       0x00000000   Number         0  stm32f4xx_syscfg.o ABSOLUTE
    ..\\FWLTB\\src\\stm32f4xx_tim.c          0x00000000   Number         0  stm32f4xx_tim.o ABSOLUTE
    ..\\FWLTB\\src\\stm32f4xx_usart.c        0x00000000   Number         0  stm32f4xx_usart.o ABSOLUTE
    ..\\HARDWARE\\DC_Drive_Wheels.c          0x00000000   Number         0  dc_drive_wheels.o ABSOLUTE
    ..\\HARDWARE\\Ste_Engine.c               0x00000000   Number         0  ste_engine.o ABSOLUTE
    ..\\HARDWARE\\Step_Motor.c               0x00000000   Number         0  step_motor.o ABSOLUTE
    ..\\HARDWARE\\Ultrasonic_Distance.c      0x00000000   Number         0  ultrasonic_distance.o ABSOLUTE
    ..\\HARDWARE\\beep.c                     0x00000000   Number         0  beep.o ABSOLUTE
    ..\\HARDWARE\\crawler_belt.c             0x00000000   Number         0  crawler_belt.o ABSOLUTE
    ..\\HARDWARE\\infrared_adc.c             0x00000000   Number         0  infrared_adc.o ABSOLUTE
    ..\\HARDWARE\\init.c                     0x00000000   Number         0  init.o ABSOLUTE
    ..\\HARDWARE\\iwdg.c                     0x00000000   Number         0  iwdg.o ABSOLUTE
    ..\\HARDWARE\\led.c                      0x00000000   Number         0  led.o ABSOLUTE
    ..\\HARDWARE\\line_set.c                 0x00000000   Number         0  line_set.o ABSOLUTE
    ..\\HARDWARE\\move.c                     0x00000000   Number         0  move.o ABSOLUTE
    ..\\HARDWARE\\pwm.c                      0x00000000   Number         0  pwm.o ABSOLUTE
    ..\\HARDWARE\\rfid.c                     0x00000000   Number         0  rfid.o ABSOLUTE
    ..\\HARDWARE\\up_shelf.c                 0x00000000   Number         0  up_shelf.o ABSOLUTE
    ..\\SYSTEM\\delay\\delay.c               0x00000000   Number         0  delay.o ABSOLUTE
    ..\\SYSTEM\\sys\\sys.c                   0x00000000   Number         0  sys.o ABSOLUTE
    ..\\SYSTEM\\usart\\usart.c               0x00000000   Number         0  usart.o ABSOLUTE
    dc.s                                     0x00000000   Number         0  dc.o ABSOLUTE
    main.c                                   0x00000000   Number         0  main.o ABSOLUTE
    main.c                                   0x00000000   Number         0  main.o ABSOLUTE
    stm32f4xx_it.c                           0x00000000   Number         0  stm32f4xx_it.o ABSOLUTE
    stm32f4xx_it.c                           0x00000000   Number         0  stm32f4xx_it.o ABSOLUTE
    system_stm32f4xx.c                       0x00000000   Number         0  system_stm32f4xx.o ABSOLUTE
    system_stm32f4xx.c                       0x00000000   Number         0  system_stm32f4xx.o ABSOLUTE
    RESET                                    0x08000000   Section      392  startup_stm32f40_41xxx.o(RESET)
    !!!main                                  0x08000188   Section        8  __main.o(!!!main)
    !!!scatter                               0x08000190   Section       52  __scatter.o(!!!scatter)
    !!handler_copy                           0x080001c4   Section       26  __scatter_copy.o(!!handler_copy)
    !!handler_zi                             0x080001e0   Section       28  __scatter_zi.o(!!handler_zi)
    .ARM.Collect$$libinit$$00000000          0x080001fc   Section        2  libinit.o(.ARM.Collect$$libinit$$00000000)
    .ARM.Collect$$libinit$$00000001          0x080001fe   Section        4  libinit2.o(.ARM.Collect$$libinit$$00000001)
    .ARM.Collect$$libinit$$00000004          0x08000202   Section        0  libinit2.o(.ARM.Collect$$libinit$$00000004)
    .ARM.Collect$$libinit$$0000000A          0x08000202   Section        0  libinit2.o(.ARM.Collect$$libinit$$0000000A)
    .ARM.Collect$$libinit$$0000000C          0x08000202   Section        0  libinit2.o(.ARM.Collect$$libinit$$0000000C)
    .ARM.Collect$$libinit$$0000000E          0x08000202   Section        0  libinit2.o(.ARM.Collect$$libinit$$0000000E)
    .ARM.Collect$$libinit$$00000011          0x08000202   Section        0  libinit2.o(.ARM.Collect$$libinit$$00000011)
    .ARM.Collect$$libinit$$00000013          0x08000202   Section        0  libinit2.o(.ARM.Collect$$libinit$$00000013)
    .ARM.Collect$$libinit$$00000015          0x08000202   Section        0  libinit2.o(.ARM.Collect$$libinit$$00000015)
    .ARM.Collect$$libinit$$00000017          0x08000202   Section        0  libinit2.o(.ARM.Collect$$libinit$$00000017)
    .ARM.Collect$$libinit$$00000019          0x08000202   Section        0  libinit2.o(.ARM.Collect$$libinit$$00000019)
    .ARM.Collect$$libinit$$0000001B          0x08000202   Section        0  libinit2.o(.ARM.Collect$$libinit$$0000001B)
    .ARM.Collect$$libinit$$0000001D          0x08000202   Section        0  libinit2.o(.ARM.Collect$$libinit$$0000001D)
    .ARM.Collect$$libinit$$0000001F          0x08000202   Section        0  libinit2.o(.ARM.Collect$$libinit$$0000001F)
    .ARM.Collect$$libinit$$00000021          0x08000202   Section        0  libinit2.o(.ARM.Collect$$libinit$$00000021)
    .ARM.Collect$$libinit$$00000023          0x08000202   Section        0  libinit2.o(.ARM.Collect$$libinit$$00000023)
    .ARM.Collect$$libinit$$00000025          0x08000202   Section        0  libinit2.o(.ARM.Collect$$libinit$$00000025)
    .ARM.Collect$$libinit$$0000002C          0x08000202   Section        0  libinit2.o(.ARM.Collect$$libinit$$0000002C)
    .ARM.Collect$$libinit$$0000002E          0x08000202   Section        0  libinit2.o(.ARM.Collect$$libinit$$0000002E)
    .ARM.Collect$$libinit$$00000030          0x08000202   Section        0  libinit2.o(.ARM.Collect$$libinit$$00000030)
    .ARM.Collect$$libinit$$00000032          0x08000202   Section        0  libinit2.o(.ARM.Collect$$libinit$$00000032)
    .ARM.Collect$$libinit$$00000033          0x08000202   Section        2  libinit2.o(.ARM.Collect$$libinit$$00000033)
    .ARM.Collect$$libshutdown$$00000000      0x08000204   Section        2  libshutdown.o(.ARM.Collect$$libshutdown$$00000000)
    .ARM.Collect$$libshutdown$$00000003      0x08000206   Section        0  libshutdown2.o(.ARM.Collect$$libshutdown$$00000003)
    .ARM.Collect$$libshutdown$$00000006      0x08000206   Section        0  libshutdown2.o(.ARM.Collect$$libshutdown$$00000006)
    .ARM.Collect$$libshutdown$$00000009      0x08000206   Section        0  libshutdown2.o(.ARM.Collect$$libshutdown$$00000009)
    .ARM.Collect$$libshutdown$$0000000B      0x08000206   Section        0  libshutdown2.o(.ARM.Collect$$libshutdown$$0000000B)
    .ARM.Collect$$libshutdown$$0000000E      0x08000206   Section        0  libshutdown2.o(.ARM.Collect$$libshutdown$$0000000E)
    .ARM.Collect$$libshutdown$$0000000F      0x08000206   Section        2  libshutdown2.o(.ARM.Collect$$libshutdown$$0000000F)
    .ARM.Collect$$rtentry$$00000000          0x08000208   Section        0  __rtentry.o(.ARM.Collect$$rtentry$$00000000)
    .ARM.Collect$$rtentry$$00000002          0x08000208   Section        0  __rtentry2.o(.ARM.Collect$$rtentry$$00000002)
    .ARM.Collect$$rtentry$$00000004          0x08000208   Section        6  __rtentry4.o(.ARM.Collect$$rtentry$$00000004)
    .ARM.Collect$$rtentry$$00000009          0x0800020e   Section        0  __rtentry2.o(.ARM.Collect$$rtentry$$00000009)
    .ARM.Collect$$rtentry$$0000000A          0x0800020e   Section        4  __rtentry2.o(.ARM.Collect$$rtentry$$0000000A)
    .ARM.Collect$$rtentry$$0000000C          0x08000212   Section        0  __rtentry2.o(.ARM.Collect$$rtentry$$0000000C)
    .ARM.Collect$$rtentry$$0000000D          0x08000212   Section        8  __rtentry2.o(.ARM.Collect$$rtentry$$0000000D)
    .ARM.Collect$$rtexit$$00000000           0x0800021a   Section        2  rtexit.o(.ARM.Collect$$rtexit$$00000000)
    .ARM.Collect$$rtexit$$00000002           0x0800021c   Section        0  rtexit2.o(.ARM.Collect$$rtexit$$00000002)
    .ARM.Collect$$rtexit$$00000003           0x0800021c   Section        4  rtexit2.o(.ARM.Collect$$rtexit$$00000003)
    .ARM.Collect$$rtexit$$00000004           0x08000220   Section        6  rtexit2.o(.ARM.Collect$$rtexit$$00000004)
    .text                                    0x08000228   Section       64  startup_stm32f40_41xxx.o(.text)
    $v0                                      0x08000228   Number         0  startup_stm32f40_41xxx.o(.text)
    .text                                    0x08000268   Section        2  use_no_semi_2.o(.text)
    .text                                    0x0800026a   Section      100  rt_memcpy_w.o(.text)
    .text                                    0x080002ce   Section       78  rt_memclr_w.o(.text)
    .text                                    0x0800031c   Section        0  heapauxi.o(.text)
    .text                                    0x08000322   Section        2  use_no_semi.o(.text)
    .text                                    0x08000324   Section       74  sys_stackheap_outer.o(.text)
    .text                                    0x0800036e   Section        0  exit.o(.text)
    .text                                    0x0800037c   Section        8  libspace.o(.text)
    i.ADC_Cmd                                0x08000384   Section        0  stm32f4xx_adc.o(i.ADC_Cmd)
    i.ADC_CommonInit                         0x0800039c   Section        0  stm32f4xx_adc.o(i.ADC_CommonInit)
    i.ADC_GetConversionValue                 0x080003cc   Section        0  stm32f4xx_adc.o(i.ADC_GetConversionValue)
    i.ADC_GetFlagStatus                      0x080003d4   Section        0  stm32f4xx_adc.o(i.ADC_GetFlagStatus)
    i.ADC_Init                               0x080003e8   Section        0  stm32f4xx_adc.o(i.ADC_Init)
    i.ADC_RegularChannelConfig               0x0800043c   Section        0  stm32f4xx_adc.o(i.ADC_RegularChannelConfig)
    i.ADC_SoftwareStartConv                  0x080004f4   Section        0  stm32f4xx_adc.o(i.ADC_SoftwareStartConv)
    i.ALL_Stop                               0x08000500   Section        0  dc_drive_wheels.o(i.ALL_Stop)
    i.BEEP_Init                              0x08000510   Section        0  beep.o(i.BEEP_Init)
    i.B_Straight                             0x08000560   Section        0  dc_drive_wheels.o(i.B_Straight)
    i.B_Turn_Left                            0x08000580   Section        0  dc_drive_wheels.o(i.B_Turn_Left)
    i.B_Turn_Right                           0x080005a0   Section        0  dc_drive_wheels.o(i.B_Turn_Right)
    i.BusFault_Handler                       0x080005c0   Section        0  stm32f4xx_it.o(i.BusFault_Handler)
    i.DC_Drive_Wheels_Init                   0x080005c4   Section        0  dc_drive_wheels.o(i.DC_Drive_Wheels_Init)
    i.DebugMon_Handler                       0x08000600   Section        0  stm32f4xx_it.o(i.DebugMon_Handler)
    i.F_Straight                             0x08000604   Section        0  dc_drive_wheels.o(i.F_Straight)
    i.F_Turn_Left                            0x08000624   Section        0  dc_drive_wheels.o(i.F_Turn_Left)
    i.F_Turn_Right                           0x08000644   Section        0  dc_drive_wheels.o(i.F_Turn_Right)
    i.GPIO_Init                              0x08000664   Section        0  stm32f4xx_gpio.o(i.GPIO_Init)
    i.GPIO_PinAFConfig                       0x080006f4   Section        0  stm32f4xx_gpio.o(i.GPIO_PinAFConfig)
    i.GPIO_ResetBits                         0x0800073a   Section        0  stm32f4xx_gpio.o(i.GPIO_ResetBits)
    i.GPIO_SetBits                           0x0800073e   Section        0  stm32f4xx_gpio.o(i.GPIO_SetBits)
    i.Get_Adc                                0x08000744   Section        0  infrared_adc.o(i.Get_Adc)
    i.HardFault_Handler                      0x08000774   Section        0  stm32f4xx_it.o(i.HardFault_Handler)
    i.IWDG_Enable                            0x08000778   Section        0  stm32f4xx_iwdg.o(i.IWDG_Enable)
    i.IWDG_Init                              0x08000788   Section        0  iwdg.o(i.IWDG_Init)
    i.IWDG_ReloadCounter                     0x0800080c   Section        0  stm32f4xx_iwdg.o(i.IWDG_ReloadCounter)
    i.IWDG_SetPrescaler                      0x0800081c   Section        0  stm32f4xx_iwdg.o(i.IWDG_SetPrescaler)
    i.IWDG_SetReload                         0x08000828   Section        0  stm32f4xx_iwdg.o(i.IWDG_SetReload)
    i.IWDG_WriteAccessCmd                    0x08000834   Section        0  stm32f4xx_iwdg.o(i.IWDG_WriteAccessCmd)
    i.Infrared_Adc_Init                      0x08000840   Section        0  infrared_adc.o(i.Infrared_Adc_Init)
    i.Infrared_ScanIn                        0x08000998   Section        0  infrared_adc.o(i.Infrared_ScanIn)
    i.Infrared_ScanOut                       0x080009f0   Section        0  infrared_adc.o(i.Infrared_ScanOut)
    i.LED_Init                               0x08000a48   Section        0  led.o(i.LED_Init)
    i.L_Straight                             0x08000a98   Section        0  dc_drive_wheels.o(i.L_Straight)
    i.L_Turn_Left                            0x08000ab8   Section        0  dc_drive_wheels.o(i.L_Turn_Left)
    i.L_Turn_Right                           0x08000ad8   Section        0  dc_drive_wheels.o(i.L_Turn_Right)
    i.MemManage_Handler                      0x08000af8   Section        0  stm32f4xx_it.o(i.MemManage_Handler)
    i.NMI_Handler                            0x08000afc   Section        0  stm32f4xx_it.o(i.NMI_Handler)
    i.NVIC_Init                              0x08000b00   Section        0  misc.o(i.NVIC_Init)
    i.NVIC_PriorityGroupConfig               0x08000b78   Section        0  misc.o(i.NVIC_PriorityGroupConfig)
    i.PendSV_Handler                         0x08000b8c   Section        0  stm32f4xx_it.o(i.PendSV_Handler)
    i.RCC_AHB1PeriphClockCmd                 0x08000b90   Section        0  stm32f4xx_rcc.o(i.RCC_AHB1PeriphClockCmd)
    i.RCC_APB1PeriphClockCmd                 0x08000bb0   Section        0  stm32f4xx_rcc.o(i.RCC_APB1PeriphClockCmd)
    i.RCC_APB2PeriphClockCmd                 0x08000bd0   Section        0  stm32f4xx_rcc.o(i.RCC_APB2PeriphClockCmd)
    i.RCC_APB2PeriphResetCmd                 0x08000bf0   Section        0  stm32f4xx_rcc.o(i.RCC_APB2PeriphResetCmd)
    i.RCC_GetClocksFreq                      0x08000c10   Section        0  stm32f4xx_rcc.o(i.RCC_GetClocksFreq)
    i.R_Straight                             0x08000cf8   Section        0  dc_drive_wheels.o(i.R_Straight)
    i.R_Turn_Left                            0x08000d18   Section        0  dc_drive_wheels.o(i.R_Turn_Left)
    i.R_Turn_Right                           0x08000d38   Section        0  dc_drive_wheels.o(i.R_Turn_Right)
    i.SVC_Handler                            0x08000d58   Section        0  stm32f4xx_it.o(i.SVC_Handler)
    i.SetSysClock                            0x08000d5c   Section        0  system_stm32f4xx.o(i.SetSysClock)
    SetSysClock                              0x08000d5d   Thumb Code   220  system_stm32f4xx.o(i.SetSysClock)
    i.Shelf_Turn_Left                        0x08000e48   Section        0  dc_drive_wheels.o(i.Shelf_Turn_Left)
    i.Shelf_Turn_Right                       0x08000e68   Section        0  dc_drive_wheels.o(i.Shelf_Turn_Right)
    i.SysTick_CLKSourceConfig                0x08000e88   Section        0  misc.o(i.SysTick_CLKSourceConfig)
    i.SysTick_Handler                        0x08000eb0   Section        0  stm32f4xx_it.o(i.SysTick_Handler)
    i.SystemInit                             0x08000eb4   Section        0  system_stm32f4xx.o(i.SystemInit)
    i.System_Init                            0x08000f1c   Section        0  init.o(i.System_Init)
    i.TI1_Config                             0x08000f6e   Section        0  stm32f4xx_tim.o(i.TI1_Config)
    TI1_Config                               0x08000f6f   Thumb Code    58  stm32f4xx_tim.o(i.TI1_Config)
    i.TI2_Config                             0x08000fa8   Section        0  stm32f4xx_tim.o(i.TI2_Config)
    TI2_Config                               0x08000fa9   Thumb Code    80  stm32f4xx_tim.o(i.TI2_Config)
    i.TI3_Config                             0x08000ff8   Section        0  stm32f4xx_tim.o(i.TI3_Config)
    TI3_Config                               0x08000ff9   Thumb Code    72  stm32f4xx_tim.o(i.TI3_Config)
    i.TI4_Config                             0x08001040   Section        0  stm32f4xx_tim.o(i.TI4_Config)
    TI4_Config                               0x08001041   Thumb Code    80  stm32f4xx_tim.o(i.TI4_Config)
    i.TIM12_PWM_Init                         0x08001090   Section        0  ste_engine.o(i.TIM12_PWM_Init)
    i.TIM1_BRK_TIM9_IRQHandler               0x0800112c   Section        0  ultrasonic_distance.o(i.TIM1_BRK_TIM9_IRQHandler)
    i.TIM1_UP_TIM10_IRQHandler               0x080011fc   Section        0  step_motor.o(i.TIM1_UP_TIM10_IRQHandler)
    i.TIM3_IRQHandler                        0x08001220   Section        0  ultrasonic_distance.o(i.TIM3_IRQHandler)
    i.TIM4_PWM_Init                          0x080012f0   Section        0  pwm.o(i.TIM4_PWM_Init)
    i.TIM8_UP_TIM13_IRQHandler               0x08001408   Section        0  iwdg.o(i.TIM8_UP_TIM13_IRQHandler)
    i.TIM_ARRPreloadConfig                   0x08001428   Section        0  stm32f4xx_tim.o(i.TIM_ARRPreloadConfig)
    i.TIM_ClearFlag                          0x08001440   Section        0  stm32f4xx_tim.o(i.TIM_ClearFlag)
    i.TIM_ClearITPendingBit                  0x08001446   Section        0  stm32f4xx_tim.o(i.TIM_ClearITPendingBit)
    i.TIM_Cmd                                0x0800144c   Section        0  stm32f4xx_tim.o(i.TIM_Cmd)
    i.TIM_CtrlPWMOutputs                     0x08001464   Section        0  stm32f4xx_tim.o(i.TIM_CtrlPWMOutputs)
    i.TIM_GetCapture1                        0x08001482   Section        0  stm32f4xx_tim.o(i.TIM_GetCapture1)
    i.TIM_GetCapture2                        0x08001488   Section        0  stm32f4xx_tim.o(i.TIM_GetCapture2)
    i.TIM_GetITStatus                        0x0800148e   Section        0  stm32f4xx_tim.o(i.TIM_GetITStatus)
    i.TIM_ICInit                             0x080014b0   Section        0  stm32f4xx_tim.o(i.TIM_ICInit)
    i.TIM_ITConfig                           0x0800151e   Section        0  stm32f4xx_tim.o(i.TIM_ITConfig)
    i.TIM_OC1Init                            0x08001530   Section        0  stm32f4xx_tim.o(i.TIM_OC1Init)
    i.TIM_OC1PolarityConfig                  0x080015ac   Section        0  stm32f4xx_tim.o(i.TIM_OC1PolarityConfig)
    i.TIM_OC1PreloadConfig                   0x080015be   Section        0  stm32f4xx_tim.o(i.TIM_OC1PreloadConfig)
    i.TIM_OC2Init                            0x080015d0   Section        0  stm32f4xx_tim.o(i.TIM_OC2Init)
    i.TIM_OC2PolarityConfig                  0x08001674   Section        0  stm32f4xx_tim.o(i.TIM_OC2PolarityConfig)
    i.TIM_OC2PreloadConfig                   0x0800168e   Section        0  stm32f4xx_tim.o(i.TIM_OC2PreloadConfig)
    i.TIM_OC3Init                            0x080016a8   Section        0  stm32f4xx_tim.o(i.TIM_OC3Init)
    i.TIM_OC3PreloadConfig                   0x08001748   Section        0  stm32f4xx_tim.o(i.TIM_OC3PreloadConfig)
    i.TIM_OC4Init                            0x0800175c   Section        0  stm32f4xx_tim.o(i.TIM_OC4Init)
    i.TIM_OC4PreloadConfig                   0x080017d4   Section        0  stm32f4xx_tim.o(i.TIM_OC4PreloadConfig)
    i.TIM_SetAutoreload                      0x080017ee   Section        0  stm32f4xx_tim.o(i.TIM_SetAutoreload)
    i.TIM_SetCompare1                        0x080017f2   Section        0  stm32f4xx_tim.o(i.TIM_SetCompare1)
    i.TIM_SetCompare2                        0x080017f6   Section        0  stm32f4xx_tim.o(i.TIM_SetCompare2)
    i.TIM_SetCompare3                        0x080017fa   Section        0  stm32f4xx_tim.o(i.TIM_SetCompare3)
    i.TIM_SetCompare4                        0x080017fe   Section        0  stm32f4xx_tim.o(i.TIM_SetCompare4)
    i.TIM_SetCounter                         0x08001802   Section        0  stm32f4xx_tim.o(i.TIM_SetCounter)
    i.TIM_SetIC1Prescaler                    0x08001806   Section        0  stm32f4xx_tim.o(i.TIM_SetIC1Prescaler)
    i.TIM_SetIC2Prescaler                    0x08001818   Section        0  stm32f4xx_tim.o(i.TIM_SetIC2Prescaler)
    i.TIM_SetIC3Prescaler                    0x08001832   Section        0  stm32f4xx_tim.o(i.TIM_SetIC3Prescaler)
    i.TIM_SetIC4Prescaler                    0x08001844   Section        0  stm32f4xx_tim.o(i.TIM_SetIC4Prescaler)
    i.TIM_TimeBaseInit                       0x08001860   Section        0  stm32f4xx_tim.o(i.TIM_TimeBaseInit)
    i.Test_LineIn                            0x080018e4   Section        0  infrared_adc.o(i.Test_LineIn)
    i.Test_LineOut                           0x08001920   Section        0  infrared_adc.o(i.Test_LineOut)
    i.UART4_IRQHandler                       0x0800195c   Section        0  rfid.o(i.UART4_IRQHandler)
    i.UART4_TX                               0x08001a64   Section        0  rfid.o(i.UART4_TX)
    i.UART5_IRQHandler                       0x08001c38   Section        0  rfid.o(i.UART5_IRQHandler)
    i.UART5_TX                               0x08001d40   Section        0  rfid.o(i.UART5_TX)
    i.USART1_IRQHandler                      0x08001f14   Section        0  usart.o(i.USART1_IRQHandler)
    i.USART_Cmd                              0x08001f9c   Section        0  stm32f4xx_usart.o(i.USART_Cmd)
    i.USART_GetITStatus                      0x08001fb4   Section        0  stm32f4xx_usart.o(i.USART_GetITStatus)
    i.USART_ITConfig                         0x08002008   Section        0  stm32f4xx_usart.o(i.USART_ITConfig)
    i.USART_Init                             0x08002054   Section        0  stm32f4xx_usart.o(i.USART_Init)
    i.USART_ReceiveData                      0x08002128   Section        0  stm32f4xx_usart.o(i.USART_ReceiveData)
    i.USART_SendData                         0x08002132   Section        0  stm32f4xx_usart.o(i.USART_SendData)
    i.Ultrasonic_Init                        0x0800213c   Section        0  ultrasonic_distance.o(i.Ultrasonic_Init)
    i.Ultrasonic_Work                        0x08002324   Section        0  ultrasonic_distance.o(i.Ultrasonic_Work)
    i.UsageFault_Handler                     0x080024a0   Section        0  stm32f4xx_it.o(i.UsageFault_Handler)
    i._sys_exit                              0x080024a4   Section        0  usart.o(i._sys_exit)
    i.crawler_belt_init                      0x080024ac   Section        0  crawler_belt.o(i.crawler_belt_init)
    i.crawler_belt_move                      0x080024e8   Section        0  crawler_belt.o(i.crawler_belt_move)
    i.crawler_belt_stop                      0x080024f8   Section        0  crawler_belt.o(i.crawler_belt_stop)
    i.delay_init                             0x08002508   Section        0  delay.o(i.delay_init)
    i.delay_ms                               0x08002544   Section        0  delay.o(i.delay_ms)
    i.delay_us                               0x0800257c   Section        0  delay.o(i.delay_us)
    i.delay_xms                              0x080025c8   Section        0  delay.o(i.delay_xms)
    i.line_set                               0x08002614   Section        0  line_set.o(i.line_set)
    i.main                                   0x080027c4   Section        0  main.o(i.main)
    i.move_1                                 0x08002844   Section        0  move.o(i.move_1)
    i.move_2                                 0x08002c90   Section        0  move.o(i.move_2)
    i.move_3                                 0x080030ac   Section        0  move.o(i.move_3)
    i.read_books                             0x0800357c   Section        0  rfid.o(i.read_books)
    i.read_shelves                           0x080036f4   Section        0  rfid.o(i.read_shelves)
    i.rfid_init                              0x08003830   Section        0  rfid.o(i.rfid_init)
    i.ste_engine                             0x0800396c   Section        0  ste_engine.o(i.ste_engine)
    i.step_motor_Init                        0x080039d0   Section        0  step_motor.o(i.step_motor_Init)
    i.step_motor_move1                       0x08003b04   Section        0  step_motor.o(i.step_motor_move1)
    i.step_motor_move2                       0x08003be4   Section        0  step_motor.o(i.step_motor_move2)
    i.uart_init                              0x08003cc4   Section        0  usart.o(i.uart_init)
    i.up_shelf                               0x08003d70   Section        0  up_shelf.o(i.up_shelf)
    x$fpl$dcmpinf                            0x08003f52   Section       24  dcmpi.o(x$fpl$dcmpinf)
    $v0                                      0x08003f52   Number         0  dcmpi.o(x$fpl$dcmpinf)
    x$fpl$dfltu                              0x08003f6a   Section       38  dflt_clz.o(x$fpl$dfltu)
    $v0                                      0x08003f6a   Number         0  dflt_clz.o(x$fpl$dfltu)
    x$fpl$dleqf                              0x08003f90   Section      120  dleqf.o(x$fpl$dleqf)
    $v0                                      0x08003f90   Number         0  dleqf.o(x$fpl$dleqf)
    x$fpl$dmul                               0x08004008   Section      340  dmul.o(x$fpl$dmul)
    $v0                                      0x08004008   Number         0  dmul.o(x$fpl$dmul)
    x$fpl$dnaninf                            0x0800415c   Section      156  dnaninf.o(x$fpl$dnaninf)
    $v0                                      0x0800415c   Number         0  dnaninf.o(x$fpl$dnaninf)
    x$fpl$dretinf                            0x080041f8   Section       12  dretinf.o(x$fpl$dretinf)
    $v0                                      0x080041f8   Number         0  dretinf.o(x$fpl$dretinf)
    x$fpl$drleqf                             0x08004204   Section      108  drleqf.o(x$fpl$drleqf)
    $v0                                      0x08004204   Number         0  drleqf.o(x$fpl$drleqf)
    x$fpl$fpinit                             0x08004270   Section       10  fpinit.o(x$fpl$fpinit)
    $v0                                      0x08004270   Number         0  fpinit.o(x$fpl$fpinit)
    x$fpl$usenofp                            0x0800427a   Section        0  usenofp.o(x$fpl$usenofp)
    .constdata                               0x0800427c   Section      104  rfid.o(.constdata)
    .data                                    0x20000000   Section       16  stm32f4xx_rcc.o(.data)
    APBAHBPrescTable                         0x20000000   Data          16  stm32f4xx_rcc.o(.data)
    .data                                    0x20000010   Section        4  delay.o(.data)
    fac_us                                   0x20000010   Data           1  delay.o(.data)
    fac_ms                                   0x20000012   Data           2  delay.o(.data)
    .data                                    0x20000014   Section        6  usart.o(.data)
    .data                                    0x2000001a   Section        8  ultrasonic_distance.o(.data)
    .data                                    0x20000024   Section       15  rfid.o(.data)
    .data                                    0x20000033   Section        1  step_motor.o(.data)
    .bss                                     0x20000034   Section      200  usart.o(.bss)
    .bss                                     0x200000fc   Section       20  ultrasonic_distance.o(.bss)
    .bss                                     0x20000110   Section      475  rfid.o(.bss)
    .bss                                     0x200002ec   Section       96  libspace.o(.bss)
    HEAP                                     0x20000350   Section      512  startup_stm32f40_41xxx.o(HEAP)
    Heap_Mem                                 0x20000350   Data         512  startup_stm32f40_41xxx.o(HEAP)
    STACK                                    0x20000550   Section     1024  startup_stm32f40_41xxx.o(STACK)
    Stack_Mem                                0x20000550   Data        1024  startup_stm32f40_41xxx.o(STACK)
    __initial_sp                             0x20000950   Data           0  startup_stm32f40_41xxx.o(STACK)

    Global Symbols

    Symbol Name                              Value     Ov Type        Size  Object(Section)

    BuildAttributes$$THM_ISAv4$E$P$D$K$B$S$7EM$VFPi3$EXTD16$VFPS$VFMA$PE$A:L22UL41UL21$X:L11$S22US41US21$IEEE1$IW$USESV6$~STKCKD$USESV7$~SHL$OSPACE$ROPI$EBA8$UX$STANDARDLIB$REQ8$PRES8$EABIv2 0x00000000   Number         0  anon$$obj.o ABSOLUTE
    __ARM_use_no_argv                        0x00000000   Number         0  main.o ABSOLUTE
    __ARM_exceptions_init                     - Undefined Weak Reference
    __alloca_initialize                       - Undefined Weak Reference
    __arm_preinit_                            - Undefined Weak Reference
    __cpp_initialize__aeabi_                  - Undefined Weak Reference
    __cxa_finalize                            - Undefined Weak Reference
    __rt_locale                               - Undefined Weak Reference
    __sigvec_lookup                           - Undefined Weak Reference
    _atexit_init                              - Undefined Weak Reference
    _call_atexit_fns                          - Undefined Weak Reference
    _clock_init                               - Undefined Weak Reference
    _fp_trap_init                             - Undefined Weak Reference
    _fp_trap_shutdown                         - Undefined Weak Reference
    _get_lc_collate                           - Undefined Weak Reference
    _get_lc_ctype                             - Undefined Weak Reference
    _get_lc_monetary                          - Undefined Weak Reference
    _get_lc_numeric                           - Undefined Weak Reference
    _get_lc_time                              - Undefined Weak Reference
    _getenv_init                              - Undefined Weak Reference
    _handle_redirection                       - Undefined Weak Reference
    _init_alloc                               - Undefined Weak Reference
    _init_user_alloc                          - Undefined Weak Reference
    _initio                                   - Undefined Weak Reference
    _rand_init                                - Undefined Weak Reference
    _signal_finish                            - Undefined Weak Reference
    _signal_init                              - Undefined Weak Reference
    _terminate_alloc                          - Undefined Weak Reference
    _terminate_user_alloc                     - Undefined Weak Reference
    _terminateio                              - Undefined Weak Reference
    __Vectors_Size                           0x00000188   Number         0  startup_stm32f40_41xxx.o ABSOLUTE
    __Vectors                                0x08000000   Data           4  startup_stm32f40_41xxx.o(RESET)
    __Vectors_End                            0x08000188   Data           0  startup_stm32f40_41xxx.o(RESET)
    __main                                   0x08000189   Thumb Code     8  __main.o(!!!main)
    __scatterload                            0x08000191   Thumb Code     0  __scatter.o(!!!scatter)
    __scatterload_rt2                        0x08000191   Thumb Code    44  __scatter.o(!!!scatter)
    __scatterload_rt2_thumb_only             0x08000191   Thumb Code     0  __scatter.o(!!!scatter)
    __scatterload_null                       0x0800019f   Thumb Code     0  __scatter.o(!!!scatter)
    __scatterload_copy                       0x080001c5   Thumb Code    26  __scatter_copy.o(!!handler_copy)
    __scatterload_zeroinit                   0x080001e1   Thumb Code    28  __scatter_zi.o(!!handler_zi)
    __rt_lib_init                            0x080001fd   Thumb Code     0  libinit.o(.ARM.Collect$$libinit$$00000000)
    __rt_lib_init_fp_1                       0x080001ff   Thumb Code     0  libinit2.o(.ARM.Collect$$libinit$$00000001)
    __rt_lib_init_alloca_1                   0x08000203   Thumb Code     0  libinit2.o(.ARM.Collect$$libinit$$0000002E)
    __rt_lib_init_argv_1                     0x08000203   Thumb Code     0  libinit2.o(.ARM.Collect$$libinit$$0000002C)
    __rt_lib_init_atexit_1                   0x08000203   Thumb Code     0  libinit2.o(.ARM.Collect$$libinit$$0000001B)
    __rt_lib_init_clock_1                    0x08000203   Thumb Code     0  libinit2.o(.ARM.Collect$$libinit$$00000021)
    __rt_lib_init_cpp_1                      0x08000203   Thumb Code     0  libinit2.o(.ARM.Collect$$libinit$$00000032)
    __rt_lib_init_exceptions_1               0x08000203   Thumb Code     0  libinit2.o(.ARM.Collect$$libinit$$00000030)
    __rt_lib_init_fp_trap_1                  0x08000203   Thumb Code     0  libinit2.o(.ARM.Collect$$libinit$$0000001F)
    __rt_lib_init_getenv_1                   0x08000203   Thumb Code     0  libinit2.o(.ARM.Collect$$libinit$$00000023)
    __rt_lib_init_heap_1                     0x08000203   Thumb Code     0  libinit2.o(.ARM.Collect$$libinit$$0000000A)
    __rt_lib_init_lc_collate_1               0x08000203   Thumb Code     0  libinit2.o(.ARM.Collect$$libinit$$00000011)
    __rt_lib_init_lc_ctype_1                 0x08000203   Thumb Code     0  libinit2.o(.ARM.Collect$$libinit$$00000013)
    __rt_lib_init_lc_monetary_1              0x08000203   Thumb Code     0  libinit2.o(.ARM.Collect$$libinit$$00000015)
    __rt_lib_init_lc_numeric_1               0x08000203   Thumb Code     0  libinit2.o(.ARM.Collect$$libinit$$00000017)
    __rt_lib_init_lc_time_1                  0x08000203   Thumb Code     0  libinit2.o(.ARM.Collect$$libinit$$00000019)
    __rt_lib_init_preinit_1                  0x08000203   Thumb Code     0  libinit2.o(.ARM.Collect$$libinit$$00000004)
    __rt_lib_init_rand_1                     0x08000203   Thumb Code     0  libinit2.o(.ARM.Collect$$libinit$$0000000E)
    __rt_lib_init_return                     0x08000203   Thumb Code     0  libinit2.o(.ARM.Collect$$libinit$$00000033)
    __rt_lib_init_signal_1                   0x08000203   Thumb Code     0  libinit2.o(.ARM.Collect$$libinit$$0000001D)
    __rt_lib_init_stdio_1                    0x08000203   Thumb Code     0  libinit2.o(.ARM.Collect$$libinit$$00000025)
    __rt_lib_init_user_alloc_1               0x08000203   Thumb Code     0  libinit2.o(.ARM.Collect$$libinit$$0000000C)
    __rt_lib_shutdown                        0x08000205   Thumb Code     0  libshutdown.o(.ARM.Collect$$libshutdown$$00000000)
    __rt_lib_shutdown_fp_trap_1              0x08000207   Thumb Code     0  libshutdown2.o(.ARM.Collect$$libshutdown$$00000006)
    __rt_lib_shutdown_heap_1                 0x08000207   Thumb Code     0  libshutdown2.o(.ARM.Collect$$libshutdown$$0000000E)
    __rt_lib_shutdown_return                 0x08000207   Thumb Code     0  libshutdown2.o(.ARM.Collect$$libshutdown$$0000000F)
    __rt_lib_shutdown_signal_1               0x08000207   Thumb Code     0  libshutdown2.o(.ARM.Collect$$libshutdown$$00000009)
    __rt_lib_shutdown_stdio_1                0x08000207   Thumb Code     0  libshutdown2.o(.ARM.Collect$$libshutdown$$00000003)
    __rt_lib_shutdown_user_alloc_1           0x08000207   Thumb Code     0  libshutdown2.o(.ARM.Collect$$libshutdown$$0000000B)
    __rt_entry                               0x08000209   Thumb Code     0  __rtentry.o(.ARM.Collect$$rtentry$$00000000)
    __rt_entry_presh_1                       0x08000209   Thumb Code     0  __rtentry2.o(.ARM.Collect$$rtentry$$00000002)
    __rt_entry_sh                            0x08000209   Thumb Code     0  __rtentry4.o(.ARM.Collect$$rtentry$$00000004)
    __rt_entry_li                            0x0800020f   Thumb Code     0  __rtentry2.o(.ARM.Collect$$rtentry$$0000000A)
    __rt_entry_postsh_1                      0x0800020f   Thumb Code     0  __rtentry2.o(.ARM.Collect$$rtentry$$00000009)
    __rt_entry_main                          0x08000213   Thumb Code     0  __rtentry2.o(.ARM.Collect$$rtentry$$0000000D)
    __rt_entry_postli_1                      0x08000213   Thumb Code     0  __rtentry2.o(.ARM.Collect$$rtentry$$0000000C)
    __rt_exit                                0x0800021b   Thumb Code     0  rtexit.o(.ARM.Collect$$rtexit$$00000000)
    __rt_exit_ls                             0x0800021d   Thumb Code     0  rtexit2.o(.ARM.Collect$$rtexit$$00000003)
    __rt_exit_prels_1                        0x0800021d   Thumb Code     0  rtexit2.o(.ARM.Collect$$rtexit$$00000002)
    __rt_exit_exit                           0x08000221   Thumb Code     0  rtexit2.o(.ARM.Collect$$rtexit$$00000004)
    Reset_Handler                            0x08000229   Thumb Code     8  startup_stm32f40_41xxx.o(.text)
    ADC_IRQHandler                           0x08000243   Thumb Code     0  startup_stm32f40_41xxx.o(.text)
    CAN1_RX0_IRQHandler                      0x08000243   Thumb Code     0  startup_stm32f40_41xxx.o(.text)
    CAN1_RX1_IRQHandler                      0x08000243   Thumb Code     0  startup_stm32f40_41xxx.o(.text)
    CAN1_SCE_IRQHandler                      0x08000243   Thumb Code     0  startup_stm32f40_41xxx.o(.text)
    CAN1_TX_IRQHandler                       0x08000243   Thumb Code     0  startup_stm32f40_41xxx.o(.text)
    CAN2_RX0_IRQHandler                      0x08000243   Thumb Code     0  startup_stm32f40_41xxx.o(.text)
    CAN2_RX1_IRQHandler                      0x08000243   Thumb Code     0  startup_stm32f40_41xxx.o(.text)
    CAN2_SCE_IRQHandler                      0x08000243   Thumb Code     0  startup_stm32f40_41xxx.o(.text)
    CAN2_TX_IRQHandler                       0x08000243   Thumb Code     0  startup_stm32f40_41xxx.o(.text)
    CRYP_IRQHandler                          0x08000243   Thumb Code     0  startup_stm32f40_41xxx.o(.text)
    DCMI_IRQHandler                          0x08000243   Thumb Code     0  startup_stm32f40_41xxx.o(.text)
    DMA1_Stream0_IRQHandler                  0x08000243   Thumb Code     0  startup_stm32f40_41xxx.o(.text)
    DMA1_Stream1_IRQHandler                  0x08000243   Thumb Code     0  startup_stm32f40_41xxx.o(.text)
    DMA1_Stream2_IRQHandler                  0x08000243   Thumb Code     0  startup_stm32f40_41xxx.o(.text)
    DMA1_Stream3_IRQHandler                  0x08000243   Thumb Code     0  startup_stm32f40_41xxx.o(.text)
    DMA1_Stream4_IRQHandler                  0x08000243   Thumb Code     0  startup_stm32f40_41xxx.o(.text)
    DMA1_Stream5_IRQHandler                  0x08000243   Thumb Code     0  startup_stm32f40_41xxx.o(.text)
    DMA1_Stream6_IRQHandler                  0x08000243   Thumb Code     0  startup_stm32f40_41xxx.o(.text)
    DMA1_Stream7_IRQHandler                  0x08000243   Thumb Code     0  startup_stm32f40_41xxx.o(.text)
    DMA2_Stream0_IRQHandler                  0x08000243   Thumb Code     0  startup_stm32f40_41xxx.o(.text)
    DMA2_Stream1_IRQHandler                  0x08000243   Thumb Code     0  startup_stm32f40_41xxx.o(.text)
    DMA2_Stream2_IRQHandler                  0x08000243   Thumb Code     0  startup_stm32f40_41xxx.o(.text)
    DMA2_Stream3_IRQHandler                  0x08000243   Thumb Code     0  startup_stm32f40_41xxx.o(.text)
    DMA2_Stream4_IRQHandler                  0x08000243   Thumb Code     0  startup_stm32f40_41xxx.o(.text)
    DMA2_Stream5_IRQHandler                  0x08000243   Thumb Code     0  startup_stm32f40_41xxx.o(.text)
    DMA2_Stream6_IRQHandler                  0x08000243   Thumb Code     0  startup_stm32f40_41xxx.o(.text)
    DMA2_Stream7_IRQHandler                  0x08000243   Thumb Code     0  startup_stm32f40_41xxx.o(.text)
    ETH_IRQHandler                           0x08000243   Thumb Code     0  startup_stm32f40_41xxx.o(.text)
    ETH_WKUP_IRQHandler                      0x08000243   Thumb Code     0  startup_stm32f40_41xxx.o(.text)
    EXTI0_IRQHandler                         0x08000243   Thumb Code     0  startup_stm32f40_41xxx.o(.text)
    EXTI15_10_IRQHandler                     0x08000243   Thumb Code     0  startup_stm32f40_41xxx.o(.text)
    EXTI1_IRQHandler                         0x08000243   Thumb Code     0  startup_stm32f40_41xxx.o(.text)
    EXTI2_IRQHandler                         0x08000243   Thumb Code     0  startup_stm32f40_41xxx.o(.text)
    EXTI3_IRQHandler                         0x08000243   Thumb Code     0  startup_stm32f40_41xxx.o(.text)
    EXTI4_IRQHandler                         0x08000243   Thumb Code     0  startup_stm32f40_41xxx.o(.text)
    EXTI9_5_IRQHandler                       0x08000243   Thumb Code     0  startup_stm32f40_41xxx.o(.text)
    FLASH_IRQHandler                         0x08000243   Thumb Code     0  startup_stm32f40_41xxx.o(.text)
    FPU_IRQHandler                           0x08000243   Thumb Code     0  startup_stm32f40_41xxx.o(.text)
    FSMC_IRQHandler                          0x08000243   Thumb Code     0  startup_stm32f40_41xxx.o(.text)
    HASH_RNG_IRQHandler                      0x08000243   Thumb Code     0  startup_stm32f40_41xxx.o(.text)
    I2C1_ER_IRQHandler                       0x08000243   Thumb Code     0  startup_stm32f40_41xxx.o(.text)
    I2C1_EV_IRQHandler                       0x08000243   Thumb Code     0  startup_stm32f40_41xxx.o(.text)
    I2C2_ER_IRQHandler                       0x08000243   Thumb Code     0  startup_stm32f40_41xxx.o(.text)
    I2C2_EV_IRQHandler                       0x08000243   Thumb Code     0  startup_stm32f40_41xxx.o(.text)
    I2C3_ER_IRQHandler                       0x08000243   Thumb Code     0  startup_stm32f40_41xxx.o(.text)
    I2C3_EV_IRQHandler                       0x08000243   Thumb Code     0  startup_stm32f40_41xxx.o(.text)
    OTG_FS_IRQHandler                        0x08000243   Thumb Code     0  startup_stm32f40_41xxx.o(.text)
    OTG_FS_WKUP_IRQHandler                   0x08000243   Thumb Code     0  startup_stm32f40_41xxx.o(.text)
    OTG_HS_EP1_IN_IRQHandler                 0x08000243   Thumb Code     0  startup_stm32f40_41xxx.o(.text)
    OTG_HS_EP1_OUT_IRQHandler                0x08000243   Thumb Code     0  startup_stm32f40_41xxx.o(.text)
    OTG_HS_IRQHandler                        0x08000243   Thumb Code     0  startup_stm32f40_41xxx.o(.text)
    OTG_HS_WKUP_IRQHandler                   0x08000243   Thumb Code     0  startup_stm32f40_41xxx.o(.text)
    PVD_IRQHandler                           0x08000243   Thumb Code     0  startup_stm32f40_41xxx.o(.text)
    RCC_IRQHandler                           0x08000243   Thumb Code     0  startup_stm32f40_41xxx.o(.text)
    RTC_Alarm_IRQHandler                     0x08000243   Thumb Code     0  startup_stm32f40_41xxx.o(.text)
    RTC_WKUP_IRQHandler                      0x08000243   Thumb Code     0  startup_stm32f40_41xxx.o(.text)
    SDIO_IRQHandler                          0x08000243   Thumb Code     0  startup_stm32f40_41xxx.o(.text)
    SPI1_IRQHandler                          0x08000243   Thumb Code     0  startup_stm32f40_41xxx.o(.text)
    SPI2_IRQHandler                          0x08000243   Thumb Code     0  startup_stm32f40_41xxx.o(.text)
    SPI3_IRQHandler                          0x08000243   Thumb Code     0  startup_stm32f40_41xxx.o(.text)
    TAMP_STAMP_IRQHandler                    0x08000243   Thumb Code     0  startup_stm32f40_41xxx.o(.text)
    TIM1_CC_IRQHandler                       0x08000243   Thumb Code     0  startup_stm32f40_41xxx.o(.text)
    TIM1_TRG_COM_TIM11_IRQHandler            0x08000243   Thumb Code     0  startup_stm32f40_41xxx.o(.text)
    TIM2_IRQHandler                          0x08000243   Thumb Code     0  startup_stm32f40_41xxx.o(.text)
    TIM4_IRQHandler                          0x08000243   Thumb Code     0  startup_stm32f40_41xxx.o(.text)
    TIM5_IRQHandler                          0x08000243   Thumb Code     0  startup_stm32f40_41xxx.o(.text)
    TIM6_DAC_IRQHandler                      0x08000243   Thumb Code     0  startup_stm32f40_41xxx.o(.text)
    TIM7_IRQHandler                          0x08000243   Thumb Code     0  startup_stm32f40_41xxx.o(.text)
    TIM8_BRK_TIM12_IRQHandler                0x08000243   Thumb Code     0  startup_stm32f40_41xxx.o(.text)
    TIM8_CC_IRQHandler                       0x08000243   Thumb Code     0  startup_stm32f40_41xxx.o(.text)
    TIM8_TRG_COM_TIM14_IRQHandler            0x08000243   Thumb Code     0  startup_stm32f40_41xxx.o(.text)
    USART2_IRQHandler                        0x08000243   Thumb Code     0  startup_stm32f40_41xxx.o(.text)
    USART3_IRQHandler                        0x08000243   Thumb Code     0  startup_stm32f40_41xxx.o(.text)
    USART6_IRQHandler                        0x08000243   Thumb Code     0  startup_stm32f40_41xxx.o(.text)
    WWDG_IRQHandler                          0x08000243   Thumb Code     0  startup_stm32f40_41xxx.o(.text)
    __user_initial_stackheap                 0x08000245   Thumb Code     0  startup_stm32f40_41xxx.o(.text)
    __use_no_semihosting                     0x08000269   Thumb Code     2  use_no_semi_2.o(.text)
    __aeabi_memcpy4                          0x0800026b   Thumb Code     0  rt_memcpy_w.o(.text)
    __aeabi_memcpy8                          0x0800026b   Thumb Code     0  rt_memcpy_w.o(.text)
    __rt_memcpy_w                            0x0800026b   Thumb Code   100  rt_memcpy_w.o(.text)
    _memcpy_lastbytes_aligned                0x080002b3   Thumb Code     0  rt_memcpy_w.o(.text)
    __aeabi_memclr4                          0x080002cf   Thumb Code     0  rt_memclr_w.o(.text)
    __aeabi_memclr8                          0x080002cf   Thumb Code     0  rt_memclr_w.o(.text)
    __rt_memclr_w                            0x080002cf   Thumb Code    78  rt_memclr_w.o(.text)
    _memset_w                                0x080002d3   Thumb Code     0  rt_memclr_w.o(.text)
    __use_two_region_memory                  0x0800031d   Thumb Code     2  heapauxi.o(.text)
    __rt_heap_escrow$2region                 0x0800031f   Thumb Code     2  heapauxi.o(.text)
    __rt_heap_expand$2region                 0x08000321   Thumb Code     2  heapauxi.o(.text)
    __I$use$semihosting                      0x08000323   Thumb Code     0  use_no_semi.o(.text)
    __use_no_semihosting_swi                 0x08000323   Thumb Code     2  use_no_semi.o(.text)
    __user_setup_stackheap                   0x08000325   Thumb Code    74  sys_stackheap_outer.o(.text)
    exit                                     0x0800036f   Thumb Code    12  exit.o(.text)
    __user_libspace                          0x0800037d   Thumb Code     8  libspace.o(.text)
    __user_perproc_libspace                  0x0800037d   Thumb Code     0  libspace.o(.text)
    __user_perthread_libspace                0x0800037d   Thumb Code     0  libspace.o(.text)
    ADC_Cmd                                  0x08000385   Thumb Code    22  stm32f4xx_adc.o(i.ADC_Cmd)
    ADC_CommonInit                           0x0800039d   Thumb Code    34  stm32f4xx_adc.o(i.ADC_CommonInit)
    ADC_GetConversionValue                   0x080003cd   Thumb Code     8  stm32f4xx_adc.o(i.ADC_GetConversionValue)
    ADC_GetFlagStatus                        0x080003d5   Thumb Code    18  stm32f4xx_adc.o(i.ADC_GetFlagStatus)
    ADC_Init                                 0x080003e9   Thumb Code    74  stm32f4xx_adc.o(i.ADC_Init)
    ADC_RegularChannelConfig                 0x0800043d   Thumb Code   184  stm32f4xx_adc.o(i.ADC_RegularChannelConfig)
    ADC_SoftwareStartConv                    0x080004f5   Thumb Code    10  stm32f4xx_adc.o(i.ADC_SoftwareStartConv)
    ALL_Stop                                 0x08000501   Thumb Code    12  dc_drive_wheels.o(i.ALL_Stop)
    BEEP_Init                                0x08000511   Thumb Code    76  beep.o(i.BEEP_Init)
    B_Straight                               0x08000561   Thumb Code    28  dc_drive_wheels.o(i.B_Straight)
    B_Turn_Left                              0x08000581   Thumb Code    28  dc_drive_wheels.o(i.B_Turn_Left)
    B_Turn_Right                             0x080005a1   Thumb Code    28  dc_drive_wheels.o(i.B_Turn_Right)
    BusFault_Handler                         0x080005c1   Thumb Code     4  stm32f4xx_it.o(i.BusFault_Handler)
    DC_Drive_Wheels_Init                     0x080005c5   Thumb Code    56  dc_drive_wheels.o(i.DC_Drive_Wheels_Init)
    DebugMon_Handler                         0x08000601   Thumb Code     2  stm32f4xx_it.o(i.DebugMon_Handler)
    F_Straight                               0x08000605   Thumb Code    28  dc_drive_wheels.o(i.F_Straight)
    F_Turn_Left                              0x08000625   Thumb Code    28  dc_drive_wheels.o(i.F_Turn_Left)
    F_Turn_Right                             0x08000645   Thumb Code    28  dc_drive_wheels.o(i.F_Turn_Right)
    GPIO_Init                                0x08000665   Thumb Code   144  stm32f4xx_gpio.o(i.GPIO_Init)
    GPIO_PinAFConfig                         0x080006f5   Thumb Code    70  stm32f4xx_gpio.o(i.GPIO_PinAFConfig)
    GPIO_ResetBits                           0x0800073b   Thumb Code     4  stm32f4xx_gpio.o(i.GPIO_ResetBits)
    GPIO_SetBits                             0x0800073f   Thumb Code     4  stm32f4xx_gpio.o(i.GPIO_SetBits)
    Get_Adc                                  0x08000745   Thumb Code    44  infrared_adc.o(i.Get_Adc)
    HardFault_Handler                        0x08000775   Thumb Code     4  stm32f4xx_it.o(i.HardFault_Handler)
    IWDG_Enable                              0x08000779   Thumb Code    10  stm32f4xx_iwdg.o(i.IWDG_Enable)
    IWDG_Init                                0x08000789   Thumb Code   128  iwdg.o(i.IWDG_Init)
    IWDG_ReloadCounter                       0x0800080d   Thumb Code    10  stm32f4xx_iwdg.o(i.IWDG_ReloadCounter)
    IWDG_SetPrescaler                        0x0800081d   Thumb Code     6  stm32f4xx_iwdg.o(i.IWDG_SetPrescaler)
    IWDG_SetReload                           0x08000829   Thumb Code     6  stm32f4xx_iwdg.o(i.IWDG_SetReload)
    IWDG_WriteAccessCmd                      0x08000835   Thumb Code     6  stm32f4xx_iwdg.o(i.IWDG_WriteAccessCmd)
    Infrared_Adc_Init                        0x08000841   Thumb Code   320  infrared_adc.o(i.Infrared_Adc_Init)
    Infrared_ScanIn                          0x08000999   Thumb Code    78  infrared_adc.o(i.Infrared_ScanIn)
    Infrared_ScanOut                         0x080009f1   Thumb Code    80  infrared_adc.o(i.Infrared_ScanOut)
    LED_Init                                 0x08000a49   Thumb Code    76  led.o(i.LED_Init)
    L_Straight                               0x08000a99   Thumb Code    28  dc_drive_wheels.o(i.L_Straight)
    L_Turn_Left                              0x08000ab9   Thumb Code    28  dc_drive_wheels.o(i.L_Turn_Left)
    L_Turn_Right                             0x08000ad9   Thumb Code    28  dc_drive_wheels.o(i.L_Turn_Right)
    MemManage_Handler                        0x08000af9   Thumb Code     4  stm32f4xx_it.o(i.MemManage_Handler)
    NMI_Handler                              0x08000afd   Thumb Code     2  stm32f4xx_it.o(i.NMI_Handler)
    NVIC_Init                                0x08000b01   Thumb Code   106  misc.o(i.NVIC_Init)
    NVIC_PriorityGroupConfig                 0x08000b79   Thumb Code    10  misc.o(i.NVIC_PriorityGroupConfig)
    PendSV_Handler                           0x08000b8d   Thumb Code     2  stm32f4xx_it.o(i.PendSV_Handler)
    RCC_AHB1PeriphClockCmd                   0x08000b91   Thumb Code    26  stm32f4xx_rcc.o(i.RCC_AHB1PeriphClockCmd)
    RCC_APB1PeriphClockCmd                   0x08000bb1   Thumb Code    26  stm32f4xx_rcc.o(i.RCC_APB1PeriphClockCmd)
    RCC_APB2PeriphClockCmd                   0x08000bd1   Thumb Code    26  stm32f4xx_rcc.o(i.RCC_APB2PeriphClockCmd)
    RCC_APB2PeriphResetCmd                   0x08000bf1   Thumb Code    26  stm32f4xx_rcc.o(i.RCC_APB2PeriphResetCmd)
    RCC_GetClocksFreq                        0x08000c11   Thumb Code   214  stm32f4xx_rcc.o(i.RCC_GetClocksFreq)
    R_Straight                               0x08000cf9   Thumb Code    28  dc_drive_wheels.o(i.R_Straight)
    R_Turn_Left                              0x08000d19   Thumb Code    28  dc_drive_wheels.o(i.R_Turn_Left)
    R_Turn_Right                             0x08000d39   Thumb Code    28  dc_drive_wheels.o(i.R_Turn_Right)
    SVC_Handler                              0x08000d59   Thumb Code     2  stm32f4xx_it.o(i.SVC_Handler)
    Shelf_Turn_Left                          0x08000e49   Thumb Code    28  dc_drive_wheels.o(i.Shelf_Turn_Left)
    Shelf_Turn_Right                         0x08000e69   Thumb Code    28  dc_drive_wheels.o(i.Shelf_Turn_Right)
    SysTick_CLKSourceConfig                  0x08000e89   Thumb Code    40  misc.o(i.SysTick_CLKSourceConfig)
    SysTick_Handler                          0x08000eb1   Thumb Code     2  stm32f4xx_it.o(i.SysTick_Handler)
    SystemInit                               0x08000eb5   Thumb Code    88  system_stm32f4xx.o(i.SystemInit)
    System_Init                              0x08000f1d   Thumb Code    82  init.o(i.System_Init)
    TIM12_PWM_Init                           0x08001091   Thumb Code   148  ste_engine.o(i.TIM12_PWM_Init)
    TIM1_BRK_TIM9_IRQHandler                 0x0800112d   Thumb Code   194  ultrasonic_distance.o(i.TIM1_BRK_TIM9_IRQHandler)
    TIM1_UP_TIM10_IRQHandler                 0x080011fd   Thumb Code    28  step_motor.o(i.TIM1_UP_TIM10_IRQHandler)
    TIM3_IRQHandler                          0x08001221   Thumb Code   194  ultrasonic_distance.o(i.TIM3_IRQHandler)
    TIM4_PWM_Init                            0x080012f1   Thumb Code   270  pwm.o(i.TIM4_PWM_Init)
    TIM8_UP_TIM13_IRQHandler                 0x08001409   Thumb Code    28  iwdg.o(i.TIM8_UP_TIM13_IRQHandler)
    TIM_ARRPreloadConfig                     0x08001429   Thumb Code    24  stm32f4xx_tim.o(i.TIM_ARRPreloadConfig)
    TIM_ClearFlag                            0x08001441   Thumb Code     6  stm32f4xx_tim.o(i.TIM_ClearFlag)
    TIM_ClearITPendingBit                    0x08001447   Thumb Code     6  stm32f4xx_tim.o(i.TIM_ClearITPendingBit)
    TIM_Cmd                                  0x0800144d   Thumb Code    24  stm32f4xx_tim.o(i.TIM_Cmd)
    TIM_CtrlPWMOutputs                       0x08001465   Thumb Code    30  stm32f4xx_tim.o(i.TIM_CtrlPWMOutputs)
    TIM_GetCapture1                          0x08001483   Thumb Code     6  stm32f4xx_tim.o(i.TIM_GetCapture1)
    TIM_GetCapture2                          0x08001489   Thumb Code     6  stm32f4xx_tim.o(i.TIM_GetCapture2)
    TIM_GetITStatus                          0x0800148f   Thumb Code    34  stm32f4xx_tim.o(i.TIM_GetITStatus)
    TIM_ICInit                               0x080014b1   Thumb Code   110  stm32f4xx_tim.o(i.TIM_ICInit)
    TIM_ITConfig                             0x0800151f   Thumb Code    18  stm32f4xx_tim.o(i.TIM_ITConfig)
    TIM_OC1Init                              0x08001531   Thumb Code   114  stm32f4xx_tim.o(i.TIM_OC1Init)
    TIM_OC1PolarityConfig                    0x080015ad   Thumb Code    18  stm32f4xx_tim.o(i.TIM_OC1PolarityConfig)
    TIM_OC1PreloadConfig                     0x080015bf   Thumb Code    18  stm32f4xx_tim.o(i.TIM_OC1PreloadConfig)
    TIM_OC2Init                              0x080015d1   Thumb Code   154  stm32f4xx_tim.o(i.TIM_OC2Init)
    TIM_OC2PolarityConfig                    0x08001675   Thumb Code    26  stm32f4xx_tim.o(i.TIM_OC2PolarityConfig)
    TIM_OC2PreloadConfig                     0x0800168f   Thumb Code    26  stm32f4xx_tim.o(i.TIM_OC2PreloadConfig)
    TIM_OC3Init                              0x080016a9   Thumb Code   150  stm32f4xx_tim.o(i.TIM_OC3Init)
    TIM_OC3PreloadConfig                     0x08001749   Thumb Code    18  stm32f4xx_tim.o(i.TIM_OC3PreloadConfig)
    TIM_OC4Init                              0x0800175d   Thumb Code   112  stm32f4xx_tim.o(i.TIM_OC4Init)
    TIM_OC4PreloadConfig                     0x080017d5   Thumb Code    26  stm32f4xx_tim.o(i.TIM_OC4PreloadConfig)
    TIM_SetAutoreload                        0x080017ef   Thumb Code     4  stm32f4xx_tim.o(i.TIM_SetAutoreload)
    TIM_SetCompare1                          0x080017f3   Thumb Code     4  stm32f4xx_tim.o(i.TIM_SetCompare1)
    TIM_SetCompare2                          0x080017f7   Thumb Code     4  stm32f4xx_tim.o(i.TIM_SetCompare2)
    TIM_SetCompare3                          0x080017fb   Thumb Code     4  stm32f4xx_tim.o(i.TIM_SetCompare3)
    TIM_SetCompare4                          0x080017ff   Thumb Code     4  stm32f4xx_tim.o(i.TIM_SetCompare4)
    TIM_SetCounter                           0x08001803   Thumb Code     4  stm32f4xx_tim.o(i.TIM_SetCounter)
    TIM_SetIC1Prescaler                      0x08001807   Thumb Code    18  stm32f4xx_tim.o(i.TIM_SetIC1Prescaler)
    TIM_SetIC2Prescaler                      0x08001819   Thumb Code    26  stm32f4xx_tim.o(i.TIM_SetIC2Prescaler)
    TIM_SetIC3Prescaler                      0x08001833   Thumb Code    18  stm32f4xx_tim.o(i.TIM_SetIC3Prescaler)
    TIM_SetIC4Prescaler                      0x08001845   Thumb Code    26  stm32f4xx_tim.o(i.TIM_SetIC4Prescaler)
    TIM_TimeBaseInit                         0x08001861   Thumb Code   104  stm32f4xx_tim.o(i.TIM_TimeBaseInit)
    Test_LineIn                              0x080018e5   Thumb Code    52  infrared_adc.o(i.Test_LineIn)
    Test_LineOut                             0x08001921   Thumb Code    52  infrared_adc.o(i.Test_LineOut)
    UART4_IRQHandler                         0x0800195d   Thumb Code   248  rfid.o(i.UART4_IRQHandler)
    UART4_TX                                 0x08001a65   Thumb Code   458  rfid.o(i.UART4_TX)
    UART5_IRQHandler                         0x08001c39   Thumb Code   248  rfid.o(i.UART5_IRQHandler)
    UART5_TX                                 0x08001d41   Thumb Code   458  rfid.o(i.UART5_TX)
    USART1_IRQHandler                        0x08001f15   Thumb Code   122  usart.o(i.USART1_IRQHandler)
    USART_Cmd                                0x08001f9d   Thumb Code    24  stm32f4xx_usart.o(i.USART_Cmd)
    USART_GetITStatus                        0x08001fb5   Thumb Code    84  stm32f4xx_usart.o(i.USART_GetITStatus)
    USART_ITConfig                           0x08002009   Thumb Code    74  stm32f4xx_usart.o(i.USART_ITConfig)
    USART_Init                               0x08002055   Thumb Code   204  stm32f4xx_usart.o(i.USART_Init)
    USART_ReceiveData                        0x08002129   Thumb Code    10  stm32f4xx_usart.o(i.USART_ReceiveData)
    USART_SendData                           0x08002133   Thumb Code     8  stm32f4xx_usart.o(i.USART_SendData)
    Ultrasonic_Init                          0x0800213d   Thumb Code   458  ultrasonic_distance.o(i.Ultrasonic_Init)
    Ultrasonic_Work                          0x08002325   Thumb Code   350  ultrasonic_distance.o(i.Ultrasonic_Work)
    UsageFault_Handler                       0x080024a1   Thumb Code     4  stm32f4xx_it.o(i.UsageFault_Handler)
    _sys_exit                                0x080024a5   Thumb Code     6  usart.o(i._sys_exit)
    crawler_belt_init                        0x080024ad   Thumb Code    56  crawler_belt.o(i.crawler_belt_init)
    crawler_belt_move                        0x080024e9   Thumb Code    12  crawler_belt.o(i.crawler_belt_move)
    crawler_belt_stop                        0x080024f9   Thumb Code    12  crawler_belt.o(i.crawler_belt_stop)
    delay_init                               0x08002509   Thumb Code    52  delay.o(i.delay_init)
    delay_ms                                 0x08002545   Thumb Code    56  delay.o(i.delay_ms)
    delay_us                                 0x0800257d   Thumb Code    72  delay.o(i.delay_us)
    delay_xms                                0x080025c9   Thumb Code    72  delay.o(i.delay_xms)
    line_set                                 0x08002615   Thumb Code   426  line_set.o(i.line_set)
    main                                     0x080027c5   Thumb Code   118  main.o(i.main)
    move_1                                   0x08002845   Thumb Code  1082  move.o(i.move_1)
    move_2                                   0x08002c91   Thumb Code  1034  move.o(i.move_2)
    move_3                                   0x080030ad   Thumb Code  1230  move.o(i.move_3)
    read_books                               0x0800357d   Thumb Code   352  rfid.o(i.read_books)
    read_shelves                             0x080036f5   Thumb Code   286  rfid.o(i.read_shelves)
    rfid_init                                0x08003831   Thumb Code   298  rfid.o(i.rfid_init)
    ste_engine                               0x0800396d   Thumb Code    96  ste_engine.o(i.ste_engine)
    step_motor_Init                          0x080039d1   Thumb Code   296  step_motor.o(i.step_motor_Init)
    step_motor_move1                         0x08003b05   Thumb Code   208  step_motor.o(i.step_motor_move1)
    step_motor_move2                         0x08003be5   Thumb Code   208  step_motor.o(i.step_motor_move2)
    uart_init                                0x08003cc5   Thumb Code   164  usart.o(i.uart_init)
    up_shelf                                 0x08003d71   Thumb Code   482  up_shelf.o(i.up_shelf)
    __fpl_dcmp_Inf                           0x08003f53   Thumb Code    24  dcmpi.o(x$fpl$dcmpinf)
    __aeabi_ui2d                             0x08003f6b   Thumb Code     0  dflt_clz.o(x$fpl$dfltu)
    _dfltu                                   0x08003f6b   Thumb Code    38  dflt_clz.o(x$fpl$dfltu)
    __aeabi_cdcmple                          0x08003f91   Thumb Code     0  dleqf.o(x$fpl$dleqf)
    _dcmple                                  0x08003f91   Thumb Code   120  dleqf.o(x$fpl$dleqf)
    __fpl_dcmple_InfNaN                      0x08003ff3   Thumb Code     0  dleqf.o(x$fpl$dleqf)
    __aeabi_dmul                             0x08004009   Thumb Code     0  dmul.o(x$fpl$dmul)
    _dmul                                    0x08004009   Thumb Code   332  dmul.o(x$fpl$dmul)
    __fpl_dnaninf                            0x0800415d   Thumb Code   156  dnaninf.o(x$fpl$dnaninf)
    __fpl_dretinf                            0x080041f9   Thumb Code    12  dretinf.o(x$fpl$dretinf)
    __aeabi_cdrcmple                         0x08004205   Thumb Code     0  drleqf.o(x$fpl$drleqf)
    _drcmple                                 0x08004205   Thumb Code   108  drleqf.o(x$fpl$drleqf)
    _fp_init                                 0x08004271   Thumb Code    10  fpinit.o(x$fpl$fpinit)
    __fplib_config_fpu_vfp                   0x08004279   Thumb Code     0  fpinit.o(x$fpl$fpinit)
    __fplib_config_pureend_doubles           0x08004279   Thumb Code     0  fpinit.o(x$fpl$fpinit)
    __I$use$fp                               0x0800427a   Number         0  usenofp.o(x$fpl$usenofp)
    Region$$Table$$Base                      0x080042e4   Number         0  anon$$obj.o(Region$$Table)
    Region$$Table$$Limit                     0x08004304   Number         0  anon$$obj.o(Region$$Table)
    __stdout                                 0x20000014   Data           4  usart.o(.data)
    USART_RX_STA                             0x20000018   Data           2  usart.o(.data)
    TIM9CH1_CAPTURE_STA                      0x2000001a   Data           1  ultrasonic_distance.o(.data)
    TIM9CH1_CAPTURE_VAL                      0x2000001c   Data           2  ultrasonic_distance.o(.data)
    TIM3CH2_CAPTURE_STA                      0x2000001e   Data           1  ultrasonic_distance.o(.data)
    TIM3CH2_CAPTURE_VAL                      0x20000020   Data           2  ultrasonic_distance.o(.data)
    UART4_RX_STA                             0x20000024   Data           2  rfid.o(.data)
    UART5_RX_STA                             0x20000026   Data           2  rfid.o(.data)
    UART4_RX_SUCCESS                         0x20000028   Data           4  rfid.o(.data)
    UART5_RX_SUCCESS                         0x2000002c   Data           4  rfid.o(.data)
    SHELF_CHECK                              0x20000030   Data           1  rfid.o(.data)
    SHELF_CHECK_1                            0x20000031   Data           1  rfid.o(.data)
    SHELF_CHECK_2                            0x20000032   Data           1  rfid.o(.data)
    STEP_MOTOR_IT                            0x20000033   Data           1  step_motor.o(.data)
    USART_RX_BUF                             0x20000034   Data         200  usart.o(.bss)
    TIM9_ICInitStructure                     0x200000fc   Data          10  ultrasonic_distance.o(.bss)
    TIM3_ICInitStructure                     0x20000106   Data          10  ultrasonic_distance.o(.bss)
    UART4_RX_BUF                             0x20000110   Data         200  rfid.o(.bss)
    UART5_RX_BUF                             0x200001d8   Data         200  rfid.o(.bss)
    BOOK                                     0x200002a0   Data          65  rfid.o(.bss)
    SHELF                                    0x200002e1   Data          10  rfid.o(.bss)
    __libspace_start                         0x200002ec   Data          96  libspace.o(.bss)
    __temporary_stack_top$libspace           0x2000034c   Data           0  libspace.o(.bss)



==============================================================================

Memory Map of the image

  Image Entry point : 0x08000189

  Load Region LR_IROM1 (Base: 0x08000000, Size: 0x00004338, Max: 0x00100000, ABSOLUTE)

    Execution Region ER_IROM1 (Base: 0x08000000, Size: 0x00004304, Max: 0x00100000, ABSOLUTE)

    Base Addr    Size         Type   Attr      Idx    E Section Name        Object

    0x08000000   0x00000188   Data   RO          321    RESET               startup_stm32f40_41xxx.o
    0x08000188   0x00000008   Code   RO         2617  * !!!main             c_w.l(__main.o)
    0x08000190   0x00000034   Code   RO         2790    !!!scatter          c_w.l(__scatter.o)
    0x080001c4   0x0000001a   Code   RO         2792    !!handler_copy      c_w.l(__scatter_copy.o)
    0x080001de   0x00000002   PAD
    0x080001e0   0x0000001c   Code   RO         2794    !!handler_zi        c_w.l(__scatter_zi.o)
    0x080001fc   0x00000002   Code   RO         2665    .ARM.Collect$$libinit$$00000000  c_w.l(libinit.o)
    0x080001fe   0x00000004   Code   RO         2671    .ARM.Collect$$libinit$$00000001  c_w.l(libinit2.o)
    0x08000202   0x00000000   Code   RO         2674    .ARM.Collect$$libinit$$00000004  c_w.l(libinit2.o)
    0x08000202   0x00000000   Code   RO         2677    .ARM.Collect$$libinit$$0000000A  c_w.l(libinit2.o)
    0x08000202   0x00000000   Code   RO         2679    .ARM.Collect$$libinit$$0000000C  c_w.l(libinit2.o)
    0x08000202   0x00000000   Code   RO         2681    .ARM.Collect$$libinit$$0000000E  c_w.l(libinit2.o)
    0x08000202   0x00000000   Code   RO         2684    .ARM.Collect$$libinit$$00000011  c_w.l(libinit2.o)
    0x08000202   0x00000000   Code   RO         2686    .ARM.Collect$$libinit$$00000013  c_w.l(libinit2.o)
    0x08000202   0x00000000   Code   RO         2688    .ARM.Collect$$libinit$$00000015  c_w.l(libinit2.o)
    0x08000202   0x00000000   Code   RO         2690    .ARM.Collect$$libinit$$00000017  c_w.l(libinit2.o)
    0x08000202   0x00000000   Code   RO         2692    .ARM.Collect$$libinit$$00000019  c_w.l(libinit2.o)
    0x08000202   0x00000000   Code   RO         2694    .ARM.Collect$$libinit$$0000001B  c_w.l(libinit2.o)
    0x08000202   0x00000000   Code   RO         2696    .ARM.Collect$$libinit$$0000001D  c_w.l(libinit2.o)
    0x08000202   0x00000000   Code   RO         2698    .ARM.Collect$$libinit$$0000001F  c_w.l(libinit2.o)
    0x08000202   0x00000000   Code   RO         2700    .ARM.Collect$$libinit$$00000021  c_w.l(libinit2.o)
    0x08000202   0x00000000   Code   RO         2702    .ARM.Collect$$libinit$$00000023  c_w.l(libinit2.o)
    0x08000202   0x00000000   Code   RO         2704    .ARM.Collect$$libinit$$00000025  c_w.l(libinit2.o)
    0x08000202   0x00000000   Code   RO         2708    .ARM.Collect$$libinit$$0000002C  c_w.l(libinit2.o)
    0x08000202   0x00000000   Code   RO         2710    .ARM.Collect$$libinit$$0000002E  c_w.l(libinit2.o)
    0x08000202   0x00000000   Code   RO         2712    .ARM.Collect$$libinit$$00000030  c_w.l(libinit2.o)
    0x08000202   0x00000000   Code   RO         2714    .ARM.Collect$$libinit$$00000032  c_w.l(libinit2.o)
    0x08000202   0x00000002   Code   RO         2715    .ARM.Collect$$libinit$$00000033  c_w.l(libinit2.o)
    0x08000204   0x00000002   Code   RO         2733    .ARM.Collect$$libshutdown$$00000000  c_w.l(libshutdown.o)
    0x08000206   0x00000000   Code   RO         2744    .ARM.Collect$$libshutdown$$00000003  c_w.l(libshutdown2.o)
    0x08000206   0x00000000   Code   RO         2747    .ARM.Collect$$libshutdown$$00000006  c_w.l(libshutdown2.o)
    0x08000206   0x00000000   Code   RO         2750    .ARM.Collect$$libshutdown$$00000009  c_w.l(libshutdown2.o)
    0x08000206   0x00000000   Code   RO         2752    .ARM.Collect$$libshutdown$$0000000B  c_w.l(libshutdown2.o)
    0x08000206   0x00000000   Code   RO         2755    .ARM.Collect$$libshutdown$$0000000E  c_w.l(libshutdown2.o)
    0x08000206   0x00000002   Code   RO         2756    .ARM.Collect$$libshutdown$$0000000F  c_w.l(libshutdown2.o)
    0x08000208   0x00000000   Code   RO         2631    .ARM.Collect$$rtentry$$00000000  c_w.l(__rtentry.o)
    0x08000208   0x00000000   Code   RO         2640    .ARM.Collect$$rtentry$$00000002  c_w.l(__rtentry2.o)
    0x08000208   0x00000006   Code   RO         2652    .ARM.Collect$$rtentry$$00000004  c_w.l(__rtentry4.o)
    0x0800020e   0x00000000   Code   RO         2642    .ARM.Collect$$rtentry$$00000009  c_w.l(__rtentry2.o)
    0x0800020e   0x00000004   Code   RO         2643    .ARM.Collect$$rtentry$$0000000A  c_w.l(__rtentry2.o)
    0x08000212   0x00000000   Code   RO         2645    .ARM.Collect$$rtentry$$0000000C  c_w.l(__rtentry2.o)
    0x08000212   0x00000008   Code   RO         2646    .ARM.Collect$$rtentry$$0000000D  c_w.l(__rtentry2.o)
    0x0800021a   0x00000002   Code   RO         2669    .ARM.Collect$$rtexit$$00000000  c_w.l(rtexit.o)
    0x0800021c   0x00000000   Code   RO         2717    .ARM.Collect$$rtexit$$00000002  c_w.l(rtexit2.o)
    0x0800021c   0x00000004   Code   RO         2718    .ARM.Collect$$rtexit$$00000003  c_w.l(rtexit2.o)
    0x08000220   0x00000006   Code   RO         2719    .ARM.Collect$$rtexit$$00000004  c_w.l(rtexit2.o)
    0x08000226   0x00000002   PAD
    0x08000228   0x00000040   Code   RO          322    .text               startup_stm32f40_41xxx.o
    0x08000268   0x00000002   Code   RO         2609    .text               c_w.l(use_no_semi_2.o)
    0x0800026a   0x00000064   Code   RO         2611    .text               c_w.l(rt_memcpy_w.o)
    0x080002ce   0x0000004e   Code   RO         2613    .text               c_w.l(rt_memclr_w.o)
    0x0800031c   0x00000006   Code   RO         2615    .text               c_w.l(heapauxi.o)
    0x08000322   0x00000002   Code   RO         2629    .text               c_w.l(use_no_semi.o)
    0x08000324   0x0000004a   Code   RO         2656    .text               c_w.l(sys_stackheap_outer.o)
    0x0800036e   0x0000000c   Code   RO         2658    .text               c_w.l(exit.o)
    0x0800037a   0x00000002   PAD
    0x0800037c   0x00000008   Code   RO         2666    .text               c_w.l(libspace.o)
    0x08000384   0x00000016   Code   RO         1710    i.ADC_Cmd           stm32f4xx_adc.o
    0x0800039a   0x00000002   PAD
    0x0800039c   0x00000030   Code   RO         1711    i.ADC_CommonInit    stm32f4xx_adc.o
    0x080003cc   0x00000008   Code   RO         1722    i.ADC_GetConversionValue  stm32f4xx_adc.o
    0x080003d4   0x00000012   Code   RO         1723    i.ADC_GetFlagStatus  stm32f4xx_adc.o
    0x080003e6   0x00000002   PAD
    0x080003e8   0x00000054   Code   RO         1730    i.ADC_Init          stm32f4xx_adc.o
    0x0800043c   0x000000b8   Code   RO         1735    i.ADC_RegularChannelConfig  stm32f4xx_adc.o
    0x080004f4   0x0000000a   Code   RO         1737    i.ADC_SoftwareStartConv  stm32f4xx_adc.o
    0x080004fe   0x00000002   PAD
    0x08000500   0x00000010   Code   RO         2158    i.ALL_Stop          dc_drive_wheels.o
    0x08000510   0x00000050   Code   RO         2138    i.BEEP_Init         beep.o
    0x08000560   0x00000020   Code   RO         2159    i.B_Straight        dc_drive_wheels.o
    0x08000580   0x00000020   Code   RO         2160    i.B_Turn_Left       dc_drive_wheels.o
    0x080005a0   0x00000020   Code   RO         2161    i.B_Turn_Right      dc_drive_wheels.o
    0x080005c0   0x00000004   Code   RO          187    i.BusFault_Handler  stm32f4xx_it.o
    0x080005c4   0x0000003c   Code   RO         2162    i.DC_Drive_Wheels_Init  dc_drive_wheels.o
    0x08000600   0x00000002   Code   RO          188    i.DebugMon_Handler  stm32f4xx_it.o
    0x08000602   0x00000002   PAD
    0x08000604   0x00000020   Code   RO         2163    i.F_Straight        dc_drive_wheels.o
    0x08000624   0x00000020   Code   RO         2164    i.F_Turn_Left       dc_drive_wheels.o
    0x08000644   0x00000020   Code   RO         2165    i.F_Turn_Right      dc_drive_wheels.o
    0x08000664   0x00000090   Code   RO          373    i.GPIO_Init         stm32f4xx_gpio.o
    0x080006f4   0x00000046   Code   RO          374    i.GPIO_PinAFConfig  stm32f4xx_gpio.o
    0x0800073a   0x00000004   Code   RO          380    i.GPIO_ResetBits    stm32f4xx_gpio.o
    0x0800073e   0x00000004   Code   RO          381    i.GPIO_SetBits      stm32f4xx_gpio.o
    0x08000742   0x00000002   PAD
    0x08000744   0x00000030   Code   RO         2294    i.Get_Adc           infrared_adc.o
    0x08000774   0x00000004   Code   RO          189    i.HardFault_Handler  stm32f4xx_it.o
    0x08000778   0x00000010   Code   RO         1654    i.IWDG_Enable       stm32f4xx_iwdg.o
    0x08000788   0x00000084   Code   RO         2268    i.IWDG_Init         iwdg.o
    0x0800080c   0x00000010   Code   RO         1656    i.IWDG_ReloadCounter  stm32f4xx_iwdg.o
    0x0800081c   0x0000000c   Code   RO         1657    i.IWDG_SetPrescaler  stm32f4xx_iwdg.o
    0x08000828   0x0000000c   Code   RO         1658    i.IWDG_SetReload    stm32f4xx_iwdg.o
    0x08000834   0x0000000c   Code   RO         1659    i.IWDG_WriteAccessCmd  stm32f4xx_iwdg.o
    0x08000840   0x00000158   Code   RO         2295    i.Infrared_Adc_Init  infrared_adc.o
    0x08000998   0x00000058   Code   RO         2296    i.Infrared_ScanIn   infrared_adc.o
    0x080009f0   0x00000058   Code   RO         2297    i.Infrared_ScanOut  infrared_adc.o
    0x08000a48   0x00000050   Code   RO         2053    i.LED_Init          led.o
    0x08000a98   0x00000020   Code   RO         2166    i.L_Straight        dc_drive_wheels.o
    0x08000ab8   0x00000020   Code   RO         2167    i.L_Turn_Left       dc_drive_wheels.o
    0x08000ad8   0x00000020   Code   RO         2168    i.L_Turn_Right      dc_drive_wheels.o
    0x08000af8   0x00000004   Code   RO          190    i.MemManage_Handler  stm32f4xx_it.o
    0x08000afc   0x00000002   Code   RO          191    i.NMI_Handler       stm32f4xx_it.o
    0x08000afe   0x00000002   PAD
    0x08000b00   0x00000078   Code   RO          328    i.NVIC_Init         misc.o
    0x08000b78   0x00000014   Code   RO          329    i.NVIC_PriorityGroupConfig  misc.o
    0x08000b8c   0x00000002   Code   RO          192    i.PendSV_Handler    stm32f4xx_it.o
    0x08000b8e   0x00000002   PAD
    0x08000b90   0x00000020   Code   RO          470    i.RCC_AHB1PeriphClockCmd  stm32f4xx_rcc.o
    0x08000bb0   0x00000020   Code   RO          479    i.RCC_APB1PeriphClockCmd  stm32f4xx_rcc.o
    0x08000bd0   0x00000020   Code   RO          482    i.RCC_APB2PeriphClockCmd  stm32f4xx_rcc.o
    0x08000bf0   0x00000020   Code   RO          484    i.RCC_APB2PeriphResetCmd  stm32f4xx_rcc.o
    0x08000c10   0x000000e8   Code   RO          491    i.RCC_GetClocksFreq  stm32f4xx_rcc.o
    0x08000cf8   0x00000020   Code   RO         2169    i.R_Straight        dc_drive_wheels.o
    0x08000d18   0x00000020   Code   RO         2170    i.R_Turn_Left       dc_drive_wheels.o
    0x08000d38   0x00000020   Code   RO         2171    i.R_Turn_Right      dc_drive_wheels.o
    0x08000d58   0x00000002   Code   RO          193    i.SVC_Handler       stm32f4xx_it.o
    0x08000d5a   0x00000002   PAD
    0x08000d5c   0x000000ec   Code   RO          284    i.SetSysClock       system_stm32f4xx.o
    0x08000e48   0x00000020   Code   RO         2172    i.Shelf_Turn_Left   dc_drive_wheels.o
    0x08000e68   0x00000020   Code   RO         2173    i.Shelf_Turn_Right  dc_drive_wheels.o
    0x08000e88   0x00000028   Code   RO          332    i.SysTick_CLKSourceConfig  misc.o
    0x08000eb0   0x00000002   Code   RO          194    i.SysTick_Handler   stm32f4xx_it.o
    0x08000eb2   0x00000002   PAD
    0x08000eb4   0x00000068   Code   RO          286    i.SystemInit        system_stm32f4xx.o
    0x08000f1c   0x00000052   Code   RO         2344    i.System_Init       init.o
    0x08000f6e   0x0000003a   Code   RO          860    i.TI1_Config        stm32f4xx_tim.o
    0x08000fa8   0x00000050   Code   RO          861    i.TI2_Config        stm32f4xx_tim.o
    0x08000ff8   0x00000048   Code   RO          862    i.TI3_Config        stm32f4xx_tim.o
    0x08001040   0x00000050   Code   RO          863    i.TI4_Config        stm32f4xx_tim.o
    0x08001090   0x0000009c   Code   RO         2460    i.TIM12_PWM_Init    ste_engine.o
    0x0800112c   0x000000d0   Code   RO         2096    i.TIM1_BRK_TIM9_IRQHandler  ultrasonic_distance.o
    0x080011fc   0x00000024   Code   RO         2489    i.TIM1_UP_TIM10_IRQHandler  step_motor.o
    0x08001220   0x000000d0   Code   RO         2097    i.TIM3_IRQHandler   ultrasonic_distance.o
    0x080012f0   0x00000118   Code   RO         2073    i.TIM4_PWM_Init     pwm.o
    0x08001408   0x00000020   Code   RO         2269    i.TIM8_UP_TIM13_IRQHandler  iwdg.o
    0x08001428   0x00000018   Code   RO          864    i.TIM_ARRPreloadConfig  stm32f4xx_tim.o
    0x08001440   0x00000006   Code   RO          870    i.TIM_ClearFlag     stm32f4xx_tim.o
    0x08001446   0x00000006   Code   RO          871    i.TIM_ClearITPendingBit  stm32f4xx_tim.o
    0x0800144c   0x00000018   Code   RO          876    i.TIM_Cmd           stm32f4xx_tim.o
    0x08001464   0x0000001e   Code   RO          878    i.TIM_CtrlPWMOutputs  stm32f4xx_tim.o
    0x08001482   0x00000006   Code   RO          891    i.TIM_GetCapture1   stm32f4xx_tim.o
    0x08001488   0x00000006   Code   RO          892    i.TIM_GetCapture2   stm32f4xx_tim.o
    0x0800148e   0x00000022   Code   RO          897    i.TIM_GetITStatus   stm32f4xx_tim.o
    0x080014b0   0x0000006e   Code   RO          899    i.TIM_ICInit        stm32f4xx_tim.o
    0x0800151e   0x00000012   Code   RO          901    i.TIM_ITConfig      stm32f4xx_tim.o
    0x08001530   0x0000007c   Code   RO          905    i.TIM_OC1Init       stm32f4xx_tim.o
    0x080015ac   0x00000012   Code   RO          907    i.TIM_OC1PolarityConfig  stm32f4xx_tim.o
    0x080015be   0x00000012   Code   RO          908    i.TIM_OC1PreloadConfig  stm32f4xx_tim.o
    0x080015d0   0x000000a4   Code   RO          910    i.TIM_OC2Init       stm32f4xx_tim.o
    0x08001674   0x0000001a   Code   RO          912    i.TIM_OC2PolarityConfig  stm32f4xx_tim.o
    0x0800168e   0x0000001a   Code   RO          913    i.TIM_OC2PreloadConfig  stm32f4xx_tim.o
    0x080016a8   0x000000a0   Code   RO          915    i.TIM_OC3Init       stm32f4xx_tim.o
    0x08001748   0x00000012   Code   RO          918    i.TIM_OC3PreloadConfig  stm32f4xx_tim.o
    0x0800175a   0x00000002   PAD
    0x0800175c   0x00000078   Code   RO          920    i.TIM_OC4Init       stm32f4xx_tim.o
    0x080017d4   0x0000001a   Code   RO          922    i.TIM_OC4PreloadConfig  stm32f4xx_tim.o
    0x080017ee   0x00000004   Code   RO          936    i.TIM_SetAutoreload  stm32f4xx_tim.o
    0x080017f2   0x00000004   Code   RO          938    i.TIM_SetCompare1   stm32f4xx_tim.o
    0x080017f6   0x00000004   Code   RO          939    i.TIM_SetCompare2   stm32f4xx_tim.o
    0x080017fa   0x00000004   Code   RO          940    i.TIM_SetCompare3   stm32f4xx_tim.o
    0x080017fe   0x00000004   Code   RO          941    i.TIM_SetCompare4   stm32f4xx_tim.o
    0x08001802   0x00000004   Code   RO          942    i.TIM_SetCounter    stm32f4xx_tim.o
    0x08001806   0x00000012   Code   RO          943    i.TIM_SetIC1Prescaler  stm32f4xx_tim.o
    0x08001818   0x0000001a   Code   RO          944    i.TIM_SetIC2Prescaler  stm32f4xx_tim.o
    0x08001832   0x00000012   Code   RO          945    i.TIM_SetIC3Prescaler  stm32f4xx_tim.o
    0x08001844   0x0000001a   Code   RO          946    i.TIM_SetIC4Prescaler  stm32f4xx_tim.o
    0x0800185e   0x00000002   PAD
    0x08001860   0x00000084   Code   RO          948    i.TIM_TimeBaseInit  stm32f4xx_tim.o
    0x080018e4   0x0000003c   Code   RO         2298    i.Test_LineIn       infrared_adc.o
    0x08001920   0x0000003c   Code   RO         2299    i.Test_LineOut      infrared_adc.o
    0x0800195c   0x00000108   Code   RO         2396    i.UART4_IRQHandler  rfid.o
    0x08001a64   0x000001d4   Code   RO         2397    i.UART4_TX          rfid.o
    0x08001c38   0x00000108   Code   RO         2398    i.UART5_IRQHandler  rfid.o
    0x08001d40   0x000001d4   Code   RO         2399    i.UART5_TX          rfid.o
    0x08001f14   0x00000088   Code   RO         2004    i.USART1_IRQHandler  usart.o
    0x08001f9c   0x00000018   Code   RO         1426    i.USART_Cmd         stm32f4xx_usart.o
    0x08001fb4   0x00000054   Code   RO         1430    i.USART_GetITStatus  stm32f4xx_usart.o
    0x08002008   0x0000004a   Code   RO         1432    i.USART_ITConfig    stm32f4xx_usart.o
    0x08002052   0x00000002   PAD
    0x08002054   0x000000d4   Code   RO         1433    i.USART_Init        stm32f4xx_usart.o
    0x08002128   0x0000000a   Code   RO         1440    i.USART_ReceiveData  stm32f4xx_usart.o
    0x08002132   0x00000008   Code   RO         1443    i.USART_SendData    stm32f4xx_usart.o
    0x0800213a   0x00000002   PAD
    0x0800213c   0x000001e8   Code   RO         2098    i.Ultrasonic_Init   ultrasonic_distance.o
    0x08002324   0x0000017c   Code   RO         2099    i.Ultrasonic_Work   ultrasonic_distance.o
    0x080024a0   0x00000004   Code   RO          195    i.UsageFault_Handler  stm32f4xx_it.o
    0x080024a4   0x00000006   Code   RO         2005    i._sys_exit         usart.o
    0x080024aa   0x00000002   PAD
    0x080024ac   0x0000003c   Code   RO         2577    i.crawler_belt_init  crawler_belt.o
    0x080024e8   0x00000010   Code   RO         2578    i.crawler_belt_move  crawler_belt.o
    0x080024f8   0x00000010   Code   RO         2579    i.crawler_belt_stop  crawler_belt.o
    0x08002508   0x0000003c   Code   RO         1946    i.delay_init        delay.o
    0x08002544   0x00000038   Code   RO         1947    i.delay_ms          delay.o
    0x0800257c   0x0000004c   Code   RO         1948    i.delay_us          delay.o
    0x080025c8   0x0000004c   Code   RO         1949    i.delay_xms         delay.o
    0x08002614   0x000001b0   Code   RO         2537    i.line_set          line_set.o
    0x080027c4   0x00000080   Code   RO            3    i.main              main.o
    0x08002844   0x0000044c   Code   RO         2364    i.move_1            move.o
    0x08002c90   0x0000041c   Code   RO         2365    i.move_2            move.o
    0x080030ac   0x000004ce   Code   RO         2366    i.move_3            move.o
    0x0800357a   0x00000002   PAD
    0x0800357c   0x00000178   Code   RO         2400    i.read_books        rfid.o
    0x080036f4   0x0000013c   Code   RO         2401    i.read_shelves      rfid.o
    0x08003830   0x0000013c   Code   RO         2402    i.rfid_init         rfid.o
    0x0800396c   0x00000064   Code   RO         2461    i.ste_engine        ste_engine.o
    0x080039d0   0x00000134   Code   RO         2490    i.step_motor_Init   step_motor.o
    0x08003b04   0x000000e0   Code   RO         2491    i.step_motor_move1  step_motor.o
    0x08003be4   0x000000e0   Code   RO         2492    i.step_motor_move2  step_motor.o
    0x08003cc4   0x000000ac   Code   RO         2007    i.uart_init         usart.o
    0x08003d70   0x000001e2   Code   RO         2557    i.up_shelf          up_shelf.o
    0x08003f52   0x00000018   Code   RO         2654    x$fpl$dcmpinf       fz_wm.l(dcmpi.o)
    0x08003f6a   0x00000026   Code   RO         2619    x$fpl$dfltu         fz_wm.l(dflt_clz.o)
    0x08003f90   0x00000078   Code   RO         2632    x$fpl$dleqf         fz_wm.l(dleqf.o)
    0x08004008   0x00000154   Code   RO         2625    x$fpl$dmul          fz_wm.l(dmul.o)
    0x0800415c   0x0000009c   Code   RO         2634    x$fpl$dnaninf       fz_wm.l(dnaninf.o)
    0x080041f8   0x0000000c   Code   RO         2636    x$fpl$dretinf       fz_wm.l(dretinf.o)
    0x08004204   0x0000006c   Code   RO         2627    x$fpl$drleqf        fz_wm.l(drleqf.o)
    0x08004270   0x0000000a   Code   RO         2725    x$fpl$fpinit        fz_wm.l(fpinit.o)
    0x0800427a   0x00000000   Code   RO         2638    x$fpl$usenofp       fz_wm.l(usenofp.o)
    0x0800427a   0x00000002   PAD
    0x0800427c   0x00000068   Data   RO         2404    .constdata          rfid.o
    0x080042e4   0x00000020   Data   RO         2788    Region$$Table       anon$$obj.o


    Execution Region RW_IRAM1 (Base: 0x20000000, Size: 0x00000950, Max: 0x00020000, ABSOLUTE)

    Base Addr    Size         Type   Attr      Idx    E Section Name        Object

    0x20000000   0x00000010   Data   RW          523    .data               stm32f4xx_rcc.o
    0x20000010   0x00000004   Data   RW         1950    .data               delay.o
    0x20000014   0x00000006   Data   RW         2009    .data               usart.o
    0x2000001a   0x00000008   Data   RW         2101    .data               ultrasonic_distance.o
    0x20000022   0x00000002   PAD
    0x20000024   0x0000000f   Data   RW         2405    .data               rfid.o
    0x20000033   0x00000001   Data   RW         2493    .data               step_motor.o
    0x20000034   0x000000c8   Zero   RW         2008    .bss                usart.o
    0x200000fc   0x00000014   Zero   RW         2100    .bss                ultrasonic_distance.o
    0x20000110   0x000001db   Zero   RW         2403    .bss                rfid.o
    0x200002eb   0x00000001   PAD
    0x200002ec   0x00000060   Zero   RW         2667    .bss                c_w.l(libspace.o)
    0x2000034c   0x00000004   PAD
    0x20000350   0x00000200   Zero   RW          320    HEAP                startup_stm32f40_41xxx.o
    0x20000550   0x00000400   Zero   RW          319    STACK               startup_stm32f40_41xxx.o


==============================================================================

Image component sizes


      Code (inc. data)   RO Data    RW Data    ZI Data      Debug   Object Name

        80          4          0          0          0        500   beep.o
        92         12          0          0          0       1460   crawler_belt.o
       524         64          0          0          0       7615   dc_drive_wheels.o
       268         16          0          4          0       2291   delay.o
       688         62          0          0          0       3828   infrared_adc.o
        82          0          0          0          0        502   init.o
       164          8          0          0          0       1123   iwdg.o
        80          4          0          0          0        495   led.o
       432          6          0          0          0        747   line_set.o
       128         10          0          0          0     295755   main.o
       180         24          0          0          0       1921   misc.o
      3382         52          0          0          0       5023   move.o
       280         10          0          0          0        784   pwm.o
      2472        124        104         15        475       6935   rfid.o
        64         26        392          0       1536        808   startup_stm32f40_41xxx.o
       256         12          0          0          0       1350   ste_engine.o
       792         52          0          1          0       3207   step_motor.o
       374         24          0          0          0       5194   stm32f4xx_adc.o
       222          0          0          0          0       2675   stm32f4xx_gpio.o
        26          0          0          0          0       3734   stm32f4xx_it.o
        68         30          0          0          0       2378   stm32f4xx_iwdg.o
       360         42          0         16          0       4944   stm32f4xx_rcc.o
      1498         66          0          0          0      20764   stm32f4xx_tim.o
       412          8          0          0          0       4507   stm32f4xx_usart.o
       340         32          0          0          0       1365   system_stm32f4xx.o
      1284         88          0          8         20       3421   ultrasonic_distance.o
       482          6          0          0          0        759   up_shelf.o
       314         22          0          6        200       3544   usart.o

    ----------------------------------------------------------------------
     15374        804        528         52       2232     387629   Object Totals
         0          0         32          0          0          0   (incl. Generated)
        30          0          0          2          1          0   (incl. Padding)

    ----------------------------------------------------------------------

      Code (inc. data)   RO Data    RW Data    ZI Data      Debug   Library Member Name

         8          0          0          0          0         68   __main.o
         0          0          0          0          0          0   __rtentry.o
        12          0          0          0          0          0   __rtentry2.o
         6          0          0          0          0          0   __rtentry4.o
        52          8          0          0          0          0   __scatter.o
        26          0          0          0          0          0   __scatter_copy.o
        28          0          0          0          0          0   __scatter_zi.o
        12          0          0          0          0         72   exit.o
         6          0          0          0          0        152   heapauxi.o
         2          0          0          0          0          0   libinit.o
         6          0          0          0          0          0   libinit2.o
         2          0          0          0          0          0   libshutdown.o
         2          0          0          0          0          0   libshutdown2.o
         8          4          0          0         96         68   libspace.o
        78          0          0          0          0         80   rt_memclr_w.o
       100          0          0          0          0         80   rt_memcpy_w.o
         2          0          0          0          0          0   rtexit.o
        10          0          0          0          0          0   rtexit2.o
        74          0          0          0          0         80   sys_stackheap_outer.o
         2          0          0          0          0         68   use_no_semi.o
         2          0          0          0          0         68   use_no_semi_2.o
        24          0          0          0          0        116   dcmpi.o
        38          0          0          0          0        116   dflt_clz.o
       120          4          0          0          0        140   dleqf.o
       340         12          0          0          0        152   dmul.o
       156          4          0          0          0        140   dnaninf.o
        12          0          0          0          0        116   dretinf.o
       108          0          0          0          0        128   drleqf.o
        10          0          0          0          0        116   fpinit.o
         0          0          0          0          0          0   usenofp.o

    ----------------------------------------------------------------------
      1254         32          0          0        100       1760   Library Totals
         8          0          0          0          4          0   (incl. Padding)

    ----------------------------------------------------------------------

      Code (inc. data)   RO Data    RW Data    ZI Data      Debug   Library Name

       438         12          0          0         96        736   c_w.l
       808         20          0          0          0       1024   fz_wm.l

    ----------------------------------------------------------------------
      1254         32          0          0        100       1760   Library Totals

    ----------------------------------------------------------------------

==============================================================================


      Code (inc. data)   RO Data    RW Data    ZI Data      Debug   

     16628        836        528         52       2332     375229   Grand Totals
     16628        836        528         52       2332     375229   ELF Image Totals
     16628        836        528         52          0          0   ROM Totals

==============================================================================

    Total RO  Size (Code + RO Data)                17156 (  16.75kB)
    Total RW  Size (RW Data + ZI Data)              2384 (   2.33kB)
    Total ROM Size (Code + RO Data + RW Data)      17208 (  16.80kB)

==============================================================================

